17:05:21 **** Build of configuration Debug for project ARM_GPIO_Driver ****
make all 
Building file: ../src/MGPIO_program.c
Invoking: Cross ARM GNU C Compiler
arm-none-eabi-gcc -mcpu=cortex-m4 -mthumb -mfloat-abi=soft -Og -fmessage-length=0 -fsigned-char -ffunction-sections -fdata-sections -ffreestanding -fno-move-loop-invariants -Wall -Wextra  -g3 -DDEBUG -DUSE_FULL_ASSERT -DTRACE -DOS_USE_TRACE_SEMIHOSTING_DEBUG -DSTM32F401xC -DUSE_HAL_DRIVER -DHSE_VALUE=25000000 -I"../include" -I"../system/include" -I"../system/include/cmsis" -I"../system/include/stm32f4-hal" -std=gnu11 -MMD -MP -MF"src/MGPIO_program.d" -MT"src/MGPIO_program.o" -c -o "src/MGPIO_program.o" "../src/MGPIO_program.c"
In file included from ../src/MGPIO_program.c:8:0:
../src/MGPIO_program.c: In function 'MGPIO_vSetPinValue_Fast':
../src/MGPIO_program.c:149:33: warning: suggest parentheses around '+' inside '<<' [-Wparentheses]
    SET_BIT(GPIOA->BSRR,A_u8PinNo+WORD_SIZE);
../src/../include/BIT_Math.h:3:39: note: in definition of macro 'SET_BIT'
 #define SET_BIT(REG,BIT_NUM) (REG|=1<<BIT_NUM)
                                       ^~~~~~~
../src/MGPIO_program.c:152:33: warning: suggest parentheses around '+' inside '<<' [-Wparentheses]
    SET_BIT(GPIOB->BSRR,A_u8PinNo+WORD_SIZE);
../src/../include/BIT_Math.h:3:39: note: in definition of macro 'SET_BIT'
 #define SET_BIT(REG,BIT_NUM) (REG|=1<<BIT_NUM)
                                       ^~~~~~~
../src/MGPIO_program.c:155:33: warning: suggest parentheses around '+' inside '<<' [-Wparentheses]
    SET_BIT(GPIOC->BSRR,A_u8PinNo+WORD_SIZE);
../src/../include/BIT_Math.h:3:39: note: in definition of macro 'SET_BIT'
 #define SET_BIT(REG,BIT_NUM) (REG|=1<<BIT_NUM)
                                       ^~~~~~~
Finished building: ../src/MGPIO_program.c
 
Building file: ../src/main.c
Invoking: Cross ARM GNU C Compiler
arm-none-eabi-gcc -mcpu=cortex-m4 -mthumb -mfloat-abi=soft -Og -fmessage-length=0 -fsigned-char -ffunction-sections -fdata-sections -ffreestanding -fno-move-loop-invariants -Wall -Wextra  -g3 -DDEBUG -DUSE_FULL_ASSERT -DTRACE -DOS_USE_TRACE_SEMIHOSTING_DEBUG -DSTM32F401xC -DUSE_HAL_DRIVER -DHSE_VALUE=25000000 -I"../include" -I"../system/include" -I"../system/include/cmsis" -I"../system/include/stm32f4-hal" -std=gnu11 -MMD -MP -MF"src/main.d" -MT"src/main.o" -c -o "src/main.o" "../src/main.c"
Finished building: ../src/main.c
 
Building target: ARM_GPIO_Driver.elf
Invoking: Cross ARM GNU C++ Linker
arm-none-eabi-g++ -mcpu=cortex-m4 -mthumb -mfloat-abi=soft -Og -fmessage-length=0 -fsigned-char -ffunction-sections -fdata-sections -ffreestanding -fno-move-loop-invariants -Wall -Wextra  -g3 -T mem.ld -T libs.ld -T sections.ld -nostartfiles -Xlinker --gc-sections -L"../ldscripts" -Wl,-Map,"ARM_GPIO_Driver.map" --specs=nano.specs -o "ARM_GPIO_Driver.elf"  ./system/src/stm32f4-hal/stm32f4xx_hal.o ./system/src/stm32f4-hal/stm32f4xx_hal_cortex.o ./system/src/stm32f4-hal/stm32f4xx_hal_dfsdm.o ./system/src/stm32f4-hal/stm32f4xx_hal_flash.o ./system/src/stm32f4-hal/stm32f4xx_hal_gpio.o ./system/src/stm32f4-hal/stm32f4xx_hal_iwdg.o ./system/src/stm32f4-hal/stm32f4xx_hal_pwr.o ./system/src/stm32f4-hal/stm32f4xx_hal_rcc.o  ./system/src/newlib/_cxx.o ./system/src/newlib/_exit.o ./system/src/newlib/_sbrk.o ./system/src/newlib/_startup.o ./system/src/newlib/_syscalls.o ./system/src/newlib/assert.o  ./system/src/diag/Trace.o ./system/src/diag/trace_impl.o  ./system/src/cortexm/_initialize_hardware.o ./system/src/cortexm/_reset_hardware.o ./system/src/cortexm/exception_handlers.o  ./system/src/cmsis/system_stm32f4xx.o ./system/src/cmsis/vectors_stm32f401xc.o  ./src/MGPIO_program.o ./src/MRCC_program.o ./src/_initialize_hardware.o ./src/_write.o ./src/main.o ./src/stm32f4xx_hal_msp.o   
Finished building target: ARM_GPIO_Driver.elf
 
Invoking: Cross ARM GNU Create Flash Image
arm-none-eabi-objcopy -O ihex "ARM_GPIO_Driver.elf"  "ARM_GPIO_Driver.hex"
Finished building: ARM_GPIO_Driver.hex
 
Invoking: Cross ARM GNU Print Size
arm-none-eabi-size --format=berkeley "ARM_GPIO_Driver.elf"
   text	   data	    bss	    dec	    hex	filename
   8251	    160	    416	   8827	   227b	ARM_GPIO_Driver.elf
Finished building: ARM_GPIO_Driver.siz
 

17:05:31 Build Finished (took 10s.51ms)

