Archive member included to satisfy reference by file (symbol)

e:/embedded_iti/01-embedded systems avr tools/01- imt sdk/imt_sdk_win_64/winarm/armgcc/bin/../lib/gcc/arm-none-eabi/7.2.1/thumb/v7e-m\libgcc.a(_arm_addsubsf3.o)
                              ./src/MCAL/MSYSTIKC/MSYSTICK_program.o (__aeabi_ui2f)
e:/embedded_iti/01-embedded systems avr tools/01- imt sdk/imt_sdk_win_64/winarm/armgcc/bin/../lib/gcc/arm-none-eabi/7.2.1/thumb/v7e-m\libgcc.a(_arm_muldivsf3.o)
                              ./src/MCAL/MSYSTIKC/MSYSTICK_program.o (__aeabi_fmul)
e:/embedded_iti/01-embedded systems avr tools/01- imt sdk/imt_sdk_win_64/winarm/armgcc/bin/../lib/gcc/arm-none-eabi/7.2.1/thumb/v7e-m\libgcc.a(_arm_fixunssfsi.o)
                              ./src/MCAL/MSYSTIKC/MSYSTICK_program.o (__aeabi_f2uiz)
e:/embedded_iti/01-embedded systems avr tools/01- imt sdk/imt_sdk_win_64/winarm/armgcc/bin/../lib/gcc/arm-none-eabi/7.2.1/../../../../arm-none-eabi/lib/thumb/v7e-m\libg_nano.a(lib_a-errno.o)
                              ./system/src/newlib/_sbrk.o (__errno)
e:/embedded_iti/01-embedded systems avr tools/01- imt sdk/imt_sdk_win_64/winarm/armgcc/bin/../lib/gcc/arm-none-eabi/7.2.1/../../../../arm-none-eabi/lib/thumb/v7e-m\libg_nano.a(lib_a-impure.o)
                              e:/embedded_iti/01-embedded systems avr tools/01- imt sdk/imt_sdk_win_64/winarm/armgcc/bin/../lib/gcc/arm-none-eabi/7.2.1/../../../../arm-none-eabi/lib/thumb/v7e-m\libg_nano.a(lib_a-errno.o) (_impure_ptr)
e:/embedded_iti/01-embedded systems avr tools/01- imt sdk/imt_sdk_win_64/winarm/armgcc/bin/../lib/gcc/arm-none-eabi/7.2.1/../../../../arm-none-eabi/lib/thumb/v7e-m\libg_nano.a(lib_a-memset.o)
                              ./src/HAL/HWIFI/HWIFI_program.o (memset)
e:/embedded_iti/01-embedded systems avr tools/01- imt sdk/imt_sdk_win_64/winarm/armgcc/bin/../lib/gcc/arm-none-eabi/7.2.1/../../../../arm-none-eabi/lib/thumb/v7e-m\libg_nano.a(lib_a-strlen.o)
                              ./system/src/diag/Trace.o (strlen)
e:/embedded_iti/01-embedded systems avr tools/01- imt sdk/imt_sdk_win_64/winarm/armgcc/bin/../lib/gcc/arm-none-eabi/7.2.1/../../../../arm-none-eabi/lib/thumb/v7e-m\libg_nano.a(lib_a-vsnprintf.o)
                              ./system/src/diag/Trace.o (vsnprintf)
e:/embedded_iti/01-embedded systems avr tools/01- imt sdk/imt_sdk_win_64/winarm/armgcc/bin/../lib/gcc/arm-none-eabi/7.2.1/../../../../arm-none-eabi/lib/thumb/v7e-m\libg_nano.a(lib_a-nano-svfprintf.o)
                              e:/embedded_iti/01-embedded systems avr tools/01- imt sdk/imt_sdk_win_64/winarm/armgcc/bin/../lib/gcc/arm-none-eabi/7.2.1/../../../../arm-none-eabi/lib/thumb/v7e-m\libg_nano.a(lib_a-vsnprintf.o) (_svfprintf_r)
e:/embedded_iti/01-embedded systems avr tools/01- imt sdk/imt_sdk_win_64/winarm/armgcc/bin/../lib/gcc/arm-none-eabi/7.2.1/../../../../arm-none-eabi/lib/thumb/v7e-m\libg_nano.a(lib_a-nano-vfprintf_i.o)
                              e:/embedded_iti/01-embedded systems avr tools/01- imt sdk/imt_sdk_win_64/winarm/armgcc/bin/../lib/gcc/arm-none-eabi/7.2.1/../../../../arm-none-eabi/lib/thumb/v7e-m\libg_nano.a(lib_a-nano-svfprintf.o) (_printf_i)
e:/embedded_iti/01-embedded systems avr tools/01- imt sdk/imt_sdk_win_64/winarm/armgcc/bin/../lib/gcc/arm-none-eabi/7.2.1/../../../../arm-none-eabi/lib/thumb/v7e-m\libg_nano.a(lib_a-memchr.o)
                              e:/embedded_iti/01-embedded systems avr tools/01- imt sdk/imt_sdk_win_64/winarm/armgcc/bin/../lib/gcc/arm-none-eabi/7.2.1/../../../../arm-none-eabi/lib/thumb/v7e-m\libg_nano.a(lib_a-nano-svfprintf.o) (memchr)
e:/embedded_iti/01-embedded systems avr tools/01- imt sdk/imt_sdk_win_64/winarm/armgcc/bin/../lib/gcc/arm-none-eabi/7.2.1/../../../../arm-none-eabi/lib/thumb/v7e-m\libg_nano.a(lib_a-memcpy-stub.o)
                              e:/embedded_iti/01-embedded systems avr tools/01- imt sdk/imt_sdk_win_64/winarm/armgcc/bin/../lib/gcc/arm-none-eabi/7.2.1/../../../../arm-none-eabi/lib/thumb/v7e-m\libg_nano.a(lib_a-nano-svfprintf.o) (memcpy)
e:/embedded_iti/01-embedded systems avr tools/01- imt sdk/imt_sdk_win_64/winarm/armgcc/bin/../lib/gcc/arm-none-eabi/7.2.1/../../../../arm-none-eabi/lib/thumb/v7e-m\libg_nano.a(lib_a-memmove.o)
                              e:/embedded_iti/01-embedded systems avr tools/01- imt sdk/imt_sdk_win_64/winarm/armgcc/bin/../lib/gcc/arm-none-eabi/7.2.1/../../../../arm-none-eabi/lib/thumb/v7e-m\libg_nano.a(lib_a-nano-svfprintf.o) (memmove)
e:/embedded_iti/01-embedded systems avr tools/01- imt sdk/imt_sdk_win_64/winarm/armgcc/bin/../lib/gcc/arm-none-eabi/7.2.1/../../../../arm-none-eabi/lib/thumb/v7e-m\libg_nano.a(lib_a-nano-freer.o)
                              e:/embedded_iti/01-embedded systems avr tools/01- imt sdk/imt_sdk_win_64/winarm/armgcc/bin/../lib/gcc/arm-none-eabi/7.2.1/../../../../arm-none-eabi/lib/thumb/v7e-m\libg_nano.a(lib_a-nano-svfprintf.o) (_free_r)
[...]
Memory Configuration

Name             Origin             Length             Attributes
RAM              0x20000000         0x00010000         xrw
CCMRAM           0x10000000         0x00000000         xrw
FLASH            0x08000000         0x00040000         xr
FLASHB1          0x00000000         0x00000000         xr
EXTMEMB0         0x00000000         0x00000000         xr
EXTMEMB1         0x00000000         0x00000000         xr
EXTMEMB2         0x00000000         0x00000000         xr
EXTMEMB3         0x00000000         0x00000000         xr
*default*        0x00000000         0xffffffff

Linker script and memory map

LOAD ./system/src/stm32f4-hal/stm32f4xx_hal.o
LOAD ./system/src/stm32f4-hal/stm32f4xx_hal_cortex.o
LOAD ./system/src/stm32f4-hal/stm32f4xx_hal_dfsdm.o
LOAD ./system/src/stm32f4-hal/stm32f4xx_hal_flash.o
LOAD ./system/src/stm32f4-hal/stm32f4xx_hal_gpio.o
LOAD ./system/src/stm32f4-hal/stm32f4xx_hal_iwdg.o
LOAD ./system/src/stm32f4-hal/stm32f4xx_hal_pwr.o
LOAD ./system/src/stm32f4-hal/stm32f4xx_hal_rcc.o
LOAD ./system/src/newlib/_cxx.o
LOAD ./system/src/newlib/_exit.o
LOAD ./system/src/newlib/_sbrk.o
LOAD ./system/src/newlib/_startup.o
LOAD ./system/src/newlib/_syscalls.o
LOAD ./system/src/newlib/assert.o
LOAD ./system/src/diag/Trace.o
LOAD ./system/src/diag/trace_impl.o
LOAD ./system/src/cortexm/_initialize_hardware.o
LOAD ./system/src/cortexm/_reset_hardware.o
LOAD ./system/src/cortexm/exception_handlers.o
LOAD ./system/src/cmsis/system_stm32f4xx.o
LOAD ./system/src/cmsis/vectors_stm32f401xc.o
LOAD ./src/MCAL/MUART/MUART_program.o
LOAD ./src/MCAL/MSYSTIKC/MSYSTICK_program.o
LOAD ./src/MCAL/MRCC/MRCC_program.o
LOAD ./src/MCAL/MGPIO/MGPIO_program.o
LOAD ./src/MCAL/MFMI/MFMI_program.o
LOAD ./src/HAL/HWIFI/HWIFI_program.o
LOAD ./src/APP/AHexParser/AHexParser_program.o
LOAD ./src/_initialize_hardware.o
LOAD ./src/_write.o
LOAD ./src/main.o
LOAD ./src/stm32f4xx_hal_msp.o
LOAD e:/embedded_iti/01-embedded systems avr tools/01- imt sdk/imt_sdk_win_64/winarm/armgcc/bin/../lib/gcc/arm-none-eabi/7.2.1/../../../../arm-none-eabi/lib/thumb/v7e-m\libstdc++_nano.a
LOAD e:/embedded_iti/01-embedded systems avr tools/01- imt sdk/imt_sdk_win_64/winarm/armgcc/bin/../lib/gcc/arm-none-eabi/7.2.1/../../../../arm-none-eabi/lib/thumb/v7e-m\libm.a
START GROUP
LOAD e:/embedded_iti/01-embedded systems avr tools/01- imt sdk/imt_sdk_win_64/winarm/armgcc/bin/../lib/gcc/arm-none-eabi/7.2.1/thumb/v7e-m\libgcc.a
LOAD e:/embedded_iti/01-embedded systems avr tools/01- imt sdk/imt_sdk_win_64/winarm/armgcc/bin/../lib/gcc/arm-none-eabi/7.2.1/../../../../arm-none-eabi/lib/thumb/v7e-m\libg_nano.a
LOAD e:/embedded_iti/01-embedded systems avr tools/01- imt sdk/imt_sdk_win_64/winarm/armgcc/bin/../lib/gcc/arm-none-eabi/7.2.1/../../../../arm-none-eabi/lib/thumb/v7e-m\libc_nano.a
END GROUP
START GROUP
LOAD e:/embedded_iti/01-embedded systems avr tools/01- imt sdk/imt_sdk_win_64/winarm/armgcc/bin/../lib/gcc/arm-none-eabi/7.2.1/thumb/v7e-m\libgcc.a
LOAD e:/embedded_iti/01-embedded systems avr tools/01- imt sdk/imt_sdk_win_64/winarm/armgcc/bin/../lib/gcc/arm-none-eabi/7.2.1/../../../../arm-none-eabi/lib/thumb/v7e-m\libc_nano.a
END GROUP
                0x20010000                __stack = (ORIGIN (RAM) + LENGTH (RAM))
                0x20010000                _estack = __stack
                0x00000400                __Main_Stack_Size = 0x400
                [!provide]                PROVIDE (_Main_Stack_Size, __Main_Stack_Size)
                0x2000fc00                __Main_Stack_Limit = (__stack - __Main_Stack_Size)
                [!provide]                PROVIDE (_Main_Stack_Limit, __Main_Stack_Limit)
                0x00000100                _Minimum_Stack_Size = 0x100
                0x2000c5b8                PROVIDE (_Heap_Begin, _end_noinit)
                0x2000fc00                PROVIDE (_Heap_Limit, (__stack - __Main_Stack_Size))

.isr_vector     0x08000000      0x3f4
 FILL mask 0xff
                0x08000000                __vectors_start = ABSOLUTE (.)
                0x08000000                __vectors_start__ = ABSOLUTE (.)
 *(.isr_vector)
 .isr_vector    0x08000000      0x194 ./system/src/cmsis/vectors_stm32f401xc.o
                0x08000000                __isr_vectors
 *(.cfmconfig)
 *(.after_vectors .after_vectors.*)
 .after_vectors
                0x08000194      0x130 ./system/src/newlib/_startup.o
                0x08000194                _start
 .after_vectors
                0x080002c4      0x12c ./system/src/cortexm/exception_handlers.o
                0x080002c4                Reset_Handler
                0x080002ca                NMI_Handler
                0x080002ce                HardFault_Handler
                0x080002e2                HardFault_Handler_C
                0x08000340                MemManage_Handler
                0x08000344                BusFault_Handler
                0x08000358                BusFault_Handler_C
                0x0800038c                UsageFault_Handler
                0x080003a0                UsageFault_Handler_C
                0x080003d4                SVC_Handler
                0x080003d8                DebugMon_Handler
                0x080003dc                PendSV_Handler
 .after_vectors
                0x080003f0        0x4 ./system/src/cmsis/vectors_stm32f401xc.o
                0x080003f0                RTC_Alarm_IRQHandler
                0x080003f0                EXTI2_IRQHandler
                0x080003f0                SPI4_IRQHandler
                0x080003f0                TIM1_CC_IRQHandler
                0x080003f0                DMA2_Stream5_IRQHandler
                0x080003f0                DMA1_Stream5_IRQHandler
                0x080003f0                PVD_IRQHandler
                0x080003f0                SDIO_IRQHandler
                0x080003f0                TAMP_STAMP_IRQHandler
                0x080003f0                EXTI3_IRQHandler
                0x080003f0                TIM1_UP_TIM10_IRQHandler
                0x080003f0                I2C3_ER_IRQHandler
                0x080003f0                EXTI0_IRQHandler
                0x080003f0                I2C2_EV_IRQHandler
                0x080003f0                DMA1_Stream2_IRQHandler
                0x080003f0                FPU_IRQHandler
                0x080003f0                DMA2_Stream2_IRQHandler
                0x080003f0                SPI1_IRQHandler
                0x080003f0                TIM1_BRK_TIM9_IRQHandler
                0x080003f0                DMA2_Stream3_IRQHandler
                0x080003f0                USART6_IRQHandler
                0x080003f0                DMA2_Stream0_IRQHandler
                0x080003f0                TIM4_IRQHandler
                0x080003f0                I2C1_EV_IRQHandler
                0x080003f0                DMA1_Stream6_IRQHandler
                0x080003f0                DMA1_Stream1_IRQHandler
                0x080003f0                TIM3_IRQHandler
                0x080003f0                RCC_IRQHandler
                0x080003f0                Default_Handler
                0x080003f0                EXTI15_10_IRQHandler
                0x080003f0                ADC_IRQHandler
                0x080003f0                DMA1_Stream7_IRQHandler
                0x080003f0                TIM5_IRQHandler
                0x080003f0                DMA2_Stream7_IRQHandler
                0x080003f0                I2C3_EV_IRQHandler
                0x080003f0                EXTI9_5_IRQHandler
                0x080003f0                RTC_WKUP_IRQHandler
                0x080003f0                SPI2_IRQHandler
                0x080003f0                DMA1_Stream0_IRQHandler
                0x080003f0                EXTI4_IRQHandler
                0x080003f0                WWDG_IRQHandler
                0x080003f0                TIM2_IRQHandler
                0x080003f0                OTG_FS_WKUP_IRQHandler
                0x080003f0                TIM1_TRG_COM_TIM11_IRQHandler
                0x080003f0                EXTI1_IRQHandler
                0x080003f0                USART2_IRQHandler
                0x080003f0                I2C2_ER_IRQHandler
                0x080003f0                DMA2_Stream1_IRQHandler
                0x080003f0                FLASH_IRQHandler
                0x080003f0                DMA2_Stream4_IRQHandler
                0x080003f0                OTG_FS_IRQHandler
                0x080003f0                SPI3_IRQHandler
                0x080003f0                DMA1_Stream4_IRQHandler
                0x080003f0                I2C1_ER_IRQHandler
                0x080003f0                DMA2_Stream6_IRQHandler
                0x080003f0                DMA1_Stream3_IRQHandler

.inits          0x080003f4       0x28
                0x080003f4                __data_regions_array_start = .
                0x080003f4        0x4 LONG 0x8002b38 LOADADDR (.data)
                0x080003f8        0x4 LONG 0x20000000 ADDR (.data)
                0x080003fc        0x4 LONG 0x2000007c (ADDR (.data) + SIZEOF (.data))
                0x08000400        0x4 LONG 0x8002b38 LOADADDR (.data_CCMRAM)
                0x08000404        0x4 LONG 0x10000000 ADDR (.data_CCMRAM)
                0x08000408        0x4 LONG 0x10000000 (ADDR (.data_CCMRAM) + SIZEOF (.data_CCMRAM))
                0x0800040c                __data_regions_array_end = .
                0x0800040c                __bss_regions_array_start = .
                0x0800040c        0x4 LONG 0x2000007c ADDR (.bss)
                0x08000410        0x4 LONG 0x2000c5b8 (ADDR (.bss) + SIZEOF (.bss))
                0x08000414        0x4 LONG 0x10000000 ADDR (.bss_CCMRAM)
                0x08000418        0x4 LONG 0x10000000 (ADDR (.bss_CCMRAM) + SIZEOF (.bss_CCMRAM))
                0x0800041c                __bss_regions_array_end = .
 *(.init)
 *(.fini)
                0x0800041c                . = ALIGN (0x4)
                0x0800041c                PROVIDE (__preinit_array_start, .)
 *(.preinit_array_sysinit .preinit_array_sysinit.*)
 *(.preinit_array_platform .preinit_array_platform.*)
 *(.preinit_array .preinit_array.*)
                0x0800041c                PROVIDE (__preinit_array_end, .)
                0x0800041c                . = ALIGN (0x4)
                0x0800041c                PROVIDE (__init_array_start, .)
 *(SORT_BY_NAME(.init_array.*))
 *(.init_array)
                0x0800041c                PROVIDE (__init_array_end, .)
                0x0800041c                . = ALIGN (0x4)
                0x0800041c                PROVIDE (__fini_array_start, .)
 *(SORT_BY_NAME(.fini_array.*))
 *(.fini_array)
                0x0800041c                PROVIDE (__fini_array_end, .)

.flashtext
 *(.flashtext .flashtext.*)

.text           0x08000420     0x2717
 *(.text .text.*)
 .text.HAL_InitTick
                0x08000420       0x2c ./system/src/stm32f4-hal/stm32f4xx_hal.o
                0x08000420                HAL_InitTick
 .text.HAL_Init
                0x0800044c       0x34 ./system/src/stm32f4-hal/stm32f4xx_hal.o
                0x0800044c                HAL_Init
 .text.HAL_GetTick
                0x08000480        0xc ./system/src/stm32f4-hal/stm32f4xx_hal.o
                0x08000480                HAL_GetTick
 .text.HAL_NVIC_SetPriorityGrouping
                0x0800048c       0x3c ./system/src/stm32f4-hal/stm32f4xx_hal_cortex.o
                0x0800048c                HAL_NVIC_SetPriorityGrouping
 .text.HAL_NVIC_SetPriority
                0x080004c8       0x8c ./system/src/stm32f4-hal/stm32f4xx_hal_cortex.o
                0x080004c8                HAL_NVIC_SetPriority
 .text.HAL_SYSTICK_Config
                0x08000554       0x2c ./system/src/stm32f4-hal/stm32f4xx_hal_cortex.o
                0x08000554                HAL_SYSTICK_Config
 .text.HAL_SYSTICK_CLKSourceConfig
                0x08000580       0x3c ./system/src/stm32f4-hal/stm32f4xx_hal_cortex.o
                0x08000580                HAL_SYSTICK_CLKSourceConfig
 .text.HAL_RCC_OscConfig
                0x080005bc      0x43c ./system/src/stm32f4-hal/stm32f4xx_hal_rcc.o
                0x080005bc                HAL_RCC_OscConfig
 .text.HAL_RCC_GetSysClockFreq
                0x080009f8       0x94 ./system/src/stm32f4-hal/stm32f4xx_hal_rcc.o
                0x080009f8                HAL_RCC_GetSysClockFreq
 .text.HAL_RCC_ClockConfig
                0x08000a8c      0x258 ./system/src/stm32f4-hal/stm32f4xx_hal_rcc.o
                0x08000a8c                HAL_RCC_ClockConfig
 .text.HAL_RCC_GetHCLKFreq
                0x08000ce4        0xc ./system/src/stm32f4-hal/stm32f4xx_hal_rcc.o
                0x08000ce4                HAL_RCC_GetHCLKFreq
 .text._exit    0x08000cf0        0x2 ./system/src/newlib/_exit.o
                0x08000cf0                _exit
 *fill*         0x08000cf2        0x2 
 .text.abort    0x08000cf4       0x14 ./system/src/newlib/_exit.o
                0x08000cf4                abort
 .text._sbrk    0x08000d08       0x44 ./system/src/newlib/_sbrk.o
                0x08000d08                _sbrk
 .text.__initialize_args
                0x08000d4c       0x10 ./system/src/newlib/_syscalls.o
                0x08000d4c                __initialize_args
 .text.assert_failed
                0x08000d5c       0x14 ./system/src/newlib/assert.o
                0x08000d5c                assert_failed
 .text.trace_printf
                0x08000d70       0x30 ./system/src/diag/Trace.o
                0x08000d70                trace_printf
 .text.trace_puts
                0x08000da0       0x20 ./system/src/diag/Trace.o
                0x08000da0                trace_puts
 .text._trace_write_semihosting_debug
                0x08000dc0       0x60 ./system/src/diag/trace_impl.o
 .text.trace_write
                0x08000e20        0x8 ./system/src/diag/trace_impl.o
                0x08000e20                trace_write
 .text.__initialize_hardware_early
                0x08000e28       0x18 ./system/src/cortexm/_initialize_hardware.o
                0x08000e28                __initialize_hardware_early
 .text.dumpExceptionStack
                0x08000e40       0xf4 ./system/src/cortexm/exception_handlers.o
                0x08000e40                dumpExceptionStack
 .text.isSemihosting
                0x08000f34       0x20 ./system/src/cortexm/exception_handlers.o
                0x08000f34                isSemihosting
 .text.SystemInit
                0x08000f54       0x40 ./system/src/cmsis/system_stm32f4xx.o
                0x08000f54                SystemInit
 .text.SystemCoreClockUpdate
                0x08000f94       0xa0 ./system/src/cmsis/system_stm32f4xx.o
                0x08000f94                SystemCoreClockUpdate
 .text.MUART_vInit
                0x08001034       0x1c ./src/MCAL/MUART/MUART_program.o
                0x08001034                MUART_vInit
 .text.MUART_vSendData
                0x08001050       0x20 ./src/MCAL/MUART/MUART_program.o
                0x08001050                MUART_vSendData
 .text.MUART_vSendString
                0x08001070       0x18 ./src/MCAL/MUART/MUART_program.o
                0x08001070                MUART_vSendString
 .text.MUART_u8ReceiveDataFromWIFI
                0x08001088       0x30 ./src/MCAL/MUART/MUART_program.o
                0x08001088                MUART_u8ReceiveDataFromWIFI
 .text.MUART_vEnable
                0x080010b8       0x10 ./src/MCAL/MUART/MUART_program.o
                0x080010b8                MUART_vEnable
 .text.USART1_IRQHandler
                0x080010c8       0x10 ./src/MCAL/MUART/MUART_program.o
                0x080010c8                USART1_IRQHandler
 .text.MSYSTICK_vInit
                0x080010d8       0x10 ./src/MCAL/MSYSTIKC/MSYSTICK_program.o
                0x080010d8                MSYSTICK_vInit
 .text.MSYSTICK_SetInterval_Single
                0x080010e8       0x44 ./src/MCAL/MSYSTIKC/MSYSTICK_program.o
                0x080010e8                MSYSTICK_SetInterval_Single
 .text.MSYSTICK_vStopTimer
                0x0800112c       0x10 ./src/MCAL/MSYSTIKC/MSYSTICK_program.o
                0x0800112c                MSYSTICK_vStopTimer
 .text.SysTick_Handler
                0x0800113c       0x28 ./src/MCAL/MSYSTIKC/MSYSTICK_program.o
                0x0800113c                SysTick_Handler
 .text.MRCC_vInit
                0x08001164       0x5c ./src/MCAL/MRCC/MRCC_program.o
                0x08001164                MRCC_vInit
 .text.MRCC_vEnablePeripheralClock
                0x080011c0       0x6c ./src/MCAL/MRCC/MRCC_program.o
                0x080011c0                MRCC_vEnablePeripheralClock
 .text.MGPIO_vSetPinMode
                0x0800122c       0x70 ./src/MCAL/MGPIO/MGPIO_program.o
                0x0800122c                MGPIO_vSetPinMode
 .text.MGPIO_vSetPinOutPutType
                0x0800129c       0x94 ./src/MCAL/MGPIO/MGPIO_program.o
                0x0800129c                MGPIO_vSetPinOutPutType
 .text.MGPIO_vSetPinOutPutSpeed
                0x08001330       0x70 ./src/MCAL/MGPIO/MGPIO_program.o
                0x08001330                MGPIO_vSetPinOutPutSpeed
 .text.MGPIO_vSetPinValue
                0x080013a0       0x94 ./src/MCAL/MGPIO/MGPIO_program.o
                0x080013a0                MGPIO_vSetPinValue
 .text.MGPIO_vSetAlternativeFunction
                0x08001434       0xdc ./src/MCAL/MGPIO/MGPIO_program.o
                0x08001434                MGPIO_vSetAlternativeFunction
 .text.MFMI_vEraseAppArea
                0x08001510       0x58 ./src/MCAL/MFMI/MFMI_program.o
                0x08001510                MFMI_vEraseAppArea
 .text.MFMI_vFlashWrite
                0x08001568       0x7c ./src/MCAL/MFMI/MFMI_program.o
                0x08001568                MFMI_vFlashWrite
 .text.HWIFI_u8CommandValidate
                0x080015e4       0x9e ./src/HAL/HWIFI/HWIFI_program.o
 *fill*         0x08001682        0x2 
 .text.HWIFI_voidInit
                0x08001684       0x3c ./src/HAL/HWIFI/HWIFI_program.o
                0x08001684                HWIFI_voidInit
 .text.HWIFI_voidConnectToNetwork
                0x080016c0       0x24 ./src/HAL/HWIFI/HWIFI_program.o
                0x080016c0                HWIFI_voidConnectToNetwork
 .text.HWIFI_voidConnectToServer
                0x080016e4       0x24 ./src/HAL/HWIFI/HWIFI_program.o
                0x080016e4                HWIFI_voidConnectToServer
 .text.HWIFI_u8GetData
                0x08001708       0x34 ./src/HAL/HWIFI/HWIFI_program.o
                0x08001708                HWIFI_u8GetData
 .text.AHexParser_u8Ascii2Hex
                0x0800173c       0x22 ./src/APP/AHexParser/AHexParser_program.o
 *fill*         0x0800175e        0x2 
 .text.AHexParser_vParseData
                0x08001760       0xb4 ./src/APP/AHexParser/AHexParser_program.o
                0x08001760                AHexParser_vParseData
 .text.SystemClock_Config
                0x08001814       0x98 ./src/_initialize_hardware.o
                0x08001814                SystemClock_Config
 .text.__initialize_hardware
                0x080018ac       0x10 ./src/_initialize_hardware.o
                0x080018ac                __initialize_hardware
 .text.Func_CallBack
                0x080018bc       0x30 ./src/main.o
                0x080018bc                Func_CallBack
 .text.main     0x080018ec      0x144 ./src/main.o
                0x080018ec                main
 .text.HAL_MspInit
                0x08001a30        0x2 ./src/stm32f4xx_hal_msp.o
                0x08001a30                HAL_MspInit
 *fill*         0x08001a32        0x2 
 .text          0x08001a34      0x21c e:/embedded_iti/01-embedded systems avr tools/01- imt sdk/imt_sdk_win_64/winarm/armgcc/bin/../lib/gcc/arm-none-eabi/7.2.1/thumb/v7e-m\libgcc.a(_arm_addsubsf3.o)
                0x08001a34                __aeabi_frsub
                0x08001a3c                __subsf3
                0x08001a3c                __aeabi_fsub
                0x08001a40                __aeabi_fadd
                0x08001a40                __addsf3
                0x08001ba0                __aeabi_ui2f
                0x08001ba0                __floatunsisf
                0x08001ba8                __aeabi_i2f
                0x08001ba8                __floatsisf
                0x08001bc4                __aeabi_ul2f
                0x08001bc4                __floatundisf
                0x08001bd4                __aeabi_l2f
                0x08001bd4                __floatdisf
 .text          0x08001c50      0x2a0 e:/embedded_iti/01-embedded systems avr tools/01- imt sdk/imt_sdk_win_64/winarm/armgcc/bin/../lib/gcc/arm-none-eabi/7.2.1/thumb/v7e-m\libgcc.a(_arm_muldivsf3.o)
                0x08001c50                __mulsf3
                0x08001c50                __aeabi_fmul
                0x08001db8                __aeabi_fdiv
                0x08001db8                __divsf3
 .text          0x08001ef0       0x40 e:/embedded_iti/01-embedded systems avr tools/01- imt sdk/imt_sdk_win_64/winarm/armgcc/bin/../lib/gcc/arm-none-eabi/7.2.1/thumb/v7e-m\libgcc.a(_arm_fixunssfsi.o)
                0x08001ef0                __fixunssfsi
                0x08001ef0                __aeabi_f2uiz
 .text.__errno  0x08001f30        0xc e:/embedded_iti/01-embedded systems avr tools/01- imt sdk/imt_sdk_win_64/winarm/armgcc/bin/../lib/gcc/arm-none-eabi/7.2.1/../../../../arm-none-eabi/lib/thumb/v7e-m\libg_nano.a(lib_a-errno.o)
                0x08001f30                __errno
 .text.memset   0x08001f3c       0x10 e:/embedded_iti/01-embedded systems avr tools/01- imt sdk/imt_sdk_win_64/winarm/armgcc/bin/../lib/gcc/arm-none-eabi/7.2.1/../../../../arm-none-eabi/lib/thumb/v7e-m\libg_nano.a(lib_a-memset.o)
                0x08001f3c                memset
 .text          0x08001f4c       0x10 e:/embedded_iti/01-embedded systems avr tools/01- imt sdk/imt_sdk_win_64/winarm/armgcc/bin/../lib/gcc/arm-none-eabi/7.2.1/../../../../arm-none-eabi/lib/thumb/v7e-m\libg_nano.a(lib_a-strlen.o)
                0x08001f4c                strlen
 .text._vsnprintf_r
                0x08001f5c       0x58 e:/embedded_iti/01-embedded systems avr tools/01- imt sdk/imt_sdk_win_64/winarm/armgcc/bin/../lib/gcc/arm-none-eabi/7.2.1/../../../../arm-none-eabi/lib/thumb/v7e-m\libg_nano.a(lib_a-vsnprintf.o)
                0x08001f5c                _vsniprintf_r
                0x08001f5c                _vsnprintf_r
 .text.vsnprintf
                0x08001fb4       0x1c e:/embedded_iti/01-embedded systems avr tools/01- imt sdk/imt_sdk_win_64/winarm/armgcc/bin/../lib/gcc/arm-none-eabi/7.2.1/../../../../arm-none-eabi/lib/thumb/v7e-m\libg_nano.a(lib_a-vsnprintf.o)
                0x08001fb4                vsniprintf
                0x08001fb4                vsnprintf
 .text.__ssputs_r
                0x08001fd0       0xb4 e:/embedded_iti/01-embedded systems avr tools/01- imt sdk/imt_sdk_win_64/winarm/armgcc/bin/../lib/gcc/arm-none-eabi/7.2.1/../../../../arm-none-eabi/lib/thumb/v7e-m\libg_nano.a(lib_a-nano-svfprintf.o)
                0x08001fd0                __ssputs_r
 .text._svfprintf_r
                0x08002084      0x1ec e:/embedded_iti/01-embedded systems avr tools/01- imt sdk/imt_sdk_win_64/winarm/armgcc/bin/../lib/gcc/arm-none-eabi/7.2.1/../../../../arm-none-eabi/lib/thumb/v7e-m\libg_nano.a(lib_a-nano-svfprintf.o)
                0x08002084                _svfiprintf_r
                0x08002084                _svfprintf_r
 .text._printf_common
                0x08002270       0xea e:/embedded_iti/01-embedded systems avr tools/01- imt sdk/imt_sdk_win_64/winarm/armgcc/bin/../lib/gcc/arm-none-eabi/7.2.1/../../../../arm-none-eabi/lib/thumb/v7e-m\libg_nano.a(lib_a-nano-vfprintf_i.o)
                0x08002270                _printf_common
 *fill*         0x0800235a        0x2 
 .text._printf_i
                0x0800235c      0x224 e:/embedded_iti/01-embedded systems avr tools/01- imt sdk/imt_sdk_win_64/winarm/armgcc/bin/../lib/gcc/arm-none-eabi/7.2.1/../../../../arm-none-eabi/lib/thumb/v7e-m\libg_nano.a(lib_a-nano-vfprintf_i.o)
                0x0800235c                _printf_i
 .text          0x08002580       0xa0 e:/embedded_iti/01-embedded systems avr tools/01- imt sdk/imt_sdk_win_64/winarm/armgcc/bin/../lib/gcc/arm-none-eabi/7.2.1/../../../../arm-none-eabi/lib/thumb/v7e-m\libg_nano.a(lib_a-memchr.o)
                0x08002580                memchr
 .text.memcpy   0x08002620       0x16 e:/embedded_iti/01-embedded systems avr tools/01- imt sdk/imt_sdk_win_64/winarm/armgcc/bin/../lib/gcc/arm-none-eabi/7.2.1/../../../../arm-none-eabi/lib/thumb/v7e-m\libg_nano.a(lib_a-memcpy-stub.o)
                0x08002620                memcpy
 .text.memmove  0x08002636       0x32 e:/embedded_iti/01-embedded systems avr tools/01- imt sdk/imt_sdk_win_64/winarm/armgcc/bin/../lib/gcc/arm-none-eabi/7.2.1/../../../../arm-none-eabi/lib/thumb/v7e-m\libg_nano.a(lib_a-memmove.o)
                0x08002636                memmove
 .text._free_r  0x08002668       0x9c e:/embedded_iti/01-embedded systems avr tools/01- imt sdk/imt_sdk_win_64/winarm/armgcc/bin/../lib/gcc/arm-none-eabi/7.2.1/../../../../arm-none-eabi/lib/thumb/v7e-m\libg_nano.a(lib_a-nano-freer.o)
                0x08002668                _free_r
 .text._malloc_r
                0x08002704       0xb4 e:/embedded_iti/01-embedded systems avr tools/01- imt sdk/imt_sdk_win_64/winarm/armgcc/bin/../lib/gcc/arm-none-eabi/7.2.1/../../../../arm-none-eabi/lib/thumb/v7e-m\libg_nano.a(lib_a-nano-mallocr.o)
                0x08002704                _malloc_r
 .text._realloc_r
                0x080027b8       0x4c e:/embedded_iti/01-embedded systems avr tools/01- imt sdk/imt_sdk_win_64/winarm/armgcc/bin/../lib/gcc/arm-none-eabi/7.2.1/../../../../arm-none-eabi/lib/thumb/v7e-m\libg_nano.a(lib_a-nano-reallocr.o)
                0x080027b8                _realloc_r
 .text._sbrk_r  0x08002804       0x20 e:/embedded_iti/01-embedded systems avr tools/01- imt sdk/imt_sdk_win_64/winarm/armgcc/bin/../lib/gcc/arm-none-eabi/7.2.1/../../../../arm-none-eabi/lib/thumb/v7e-m\libg_nano.a(lib_a-sbrkr.o)
                0x08002804                _sbrk_r
 .text.__malloc_lock
                0x08002824        0x2 e:/embedded_iti/01-embedded systems avr tools/01- imt sdk/imt_sdk_win_64/winarm/armgcc/bin/../lib/gcc/arm-none-eabi/7.2.1/../../../../arm-none-eabi/lib/thumb/v7e-m\libg_nano.a(lib_a-mlock.o)
                0x08002824                __malloc_lock
 .text.__malloc_unlock
                0x08002826        0x2 e:/embedded_iti/01-embedded systems avr tools/01- imt sdk/imt_sdk_win_64/winarm/armgcc/bin/../lib/gcc/arm-none-eabi/7.2.1/../../../../arm-none-eabi/lib/thumb/v7e-m\libg_nano.a(lib_a-mlock.o)
                0x08002826                __malloc_unlock
 .text._malloc_usable_size_r
                0x08002828       0x10 e:/embedded_iti/01-embedded systems avr tools/01- imt sdk/imt_sdk_win_64/winarm/armgcc/bin/../lib/gcc/arm-none-eabi/7.2.1/../../../../arm-none-eabi/lib/thumb/v7e-m\libg_nano.a(lib_a-nano-msizer.o)
                0x08002828                _malloc_usable_size_r
 *(.rodata .rodata.* .constdata .constdata.*)
 .rodata.HAL_NVIC_SetPriorityGrouping.str1.4
                0x08002838       0x31 ./system/src/stm32f4-hal/stm32f4xx_hal_cortex.o
 *fill*         0x08002869        0x3 
 .rodata.APBAHBPrescTable
                0x0800286c       0x10 ./system/src/stm32f4-hal/stm32f4xx_hal_rcc.o
                0x0800286c                APBAHBPrescTable
 .rodata.HAL_RCC_OscConfig.str1.4
                0x0800287c       0x2e ./system/src/stm32f4-hal/stm32f4xx_hal_rcc.o
 *fill*         0x080028aa        0x2 
 .rodata.abort.str1.4
                0x080028ac       0x14 ./system/src/newlib/_exit.o
 .rodata.assert_failed.str1.4
                0x080028c0       0x2b ./system/src/newlib/assert.o
 .rodata.trace_puts.str1.4
                0x080028eb       0x2b ./system/src/diag/Trace.o
                                  0x2 (size before relaxing)
 *fill*         0x080028eb        0x1 
 .rodata.dumpExceptionStack.str1.4
                0x080028ec      0x11a ./system/src/cortexm/exception_handlers.o
 *fill*         0x08002a06        0x2 
 .rodata.str1.4
                0x08002a08       0x2a ./system/src/cortexm/exception_handlers.o
 *fill*         0x08002a32        0x2 
 .rodata.AHBPrescTable
                0x08002a34       0x10 ./system/src/cmsis/system_stm32f4xx.o
                0x08002a34                AHBPrescTable
 .rodata.HWIFI_u8GetData.str1.4
                0x08002a44       0x3f ./src/HAL/HWIFI/HWIFI_program.o
 *fill*         0x08002a83        0x1 
 .rodata.HWIFI_voidConnectToNetwork.str1.4
                0x08002a84       0x2b ./src/HAL/HWIFI/HWIFI_program.o
 *fill*         0x08002aaf        0x1 
 .rodata.HWIFI_voidConnectToServer.str1.4
                0x08002ab0       0x3a ./src/HAL/HWIFI/HWIFI_program.o
 *fill*         0x08002aea        0x2 
 .rodata.HWIFI_voidInit.str1.4
                0x08002aec       0x18 ./src/HAL/HWIFI/HWIFI_program.o
                                 0x16 (size before relaxing)
 .rodata._svfprintf_r.str1.1
                0x08002b04       0x11 e:/embedded_iti/01-embedded systems avr tools/01- imt sdk/imt_sdk_win_64/winarm/armgcc/bin/../lib/gcc/arm-none-eabi/7.2.1/../../../../arm-none-eabi/lib/thumb/v7e-m\libg_nano.a(lib_a-nano-svfprintf.o)
 .rodata._printf_i.str1.1
                0x08002b15       0x22 e:/embedded_iti/01-embedded systems avr tools/01- imt sdk/imt_sdk_win_64/winarm/armgcc/bin/../lib/gcc/arm-none-eabi/7.2.1/../../../../arm-none-eabi/lib/thumb/v7e-m\libg_nano.a(lib_a-nano-vfprintf_i.o)
 *(vtable)
 *(.eh_frame*)
 *(.glue_7)
 .glue_7        0x08002b37        0x0 linker stubs
 *(.glue_7t)
 .glue_7t       0x08002b37        0x0 linker stubs

.vfp11_veneer   0x08002b38        0x0
 .vfp11_veneer  0x08002b38        0x0 linker stubs

.v4_bx          0x08002b38        0x0
 .v4_bx         0x08002b38        0x0 linker stubs

.iplt           0x08002b38        0x0
 .iplt          0x08002b38        0x0 ./system/src/stm32f4-hal/stm32f4xx_hal.o

.rel.dyn        0x08002b38        0x0
 .rel.iplt      0x08002b38        0x0 ./system/src/stm32f4-hal/stm32f4xx_hal.o

.ARM.extab
 *(.ARM.extab* .gnu.linkonce.armextab.*)
                0x08002b38                . = ALIGN (0x4)
                0x08002b38                __exidx_start = .

.ARM.exidx
 *(.ARM.exidx* .gnu.linkonce.armexidx.*)
                0x08002b38                __exidx_end = .
                0x08002b38                . = ALIGN (0x4)
                0x08002b38                _etext = .
                0x08002b38                __etext = .

.data_CCMRAM    0x10000000        0x0 load address 0x08002b38
 FILL mask 0xff
 *(.data.CCMRAM .data.CCMRAM.*)
                0x10000000                . = ALIGN (0x4)
                0x08002b38                _sidata = LOADADDR (.data)

.data           0x20000000       0x7c load address 0x08002b38
 FILL mask 0xff
                0x20000000                _sdata = .
                0x20000000                __data_start__ = .
 *(.data_begin .data_begin.*)
 .data_begin    0x20000000        0x4 ./system/src/newlib/_startup.o
 *(.data .data.*)
 .data.argv.4310
                0x20000004        0x8 ./system/src/newlib/_syscalls.o
 .data.SystemCoreClock
                0x2000000c        0x4 ./system/src/cmsis/system_stm32f4xx.o
                0x2000000c                SystemCoreClock
 .data.u8BLWriteReq
                0x20000010        0x1 ./src/main.o
                0x20000010                u8BLWriteReq
 *fill*         0x20000011        0x3 ff
 .data._impure_ptr
                0x20000014        0x4 e:/embedded_iti/01-embedded systems avr tools/01- imt sdk/imt_sdk_win_64/winarm/armgcc/bin/../lib/gcc/arm-none-eabi/7.2.1/../../../../arm-none-eabi/lib/thumb/v7e-m\libg_nano.a(lib_a-impure.o)
                0x20000014                _impure_ptr
 .data.impure_data
                0x20000018       0x60 e:/embedded_iti/01-embedded systems avr tools/01- imt sdk/imt_sdk_win_64/winarm/armgcc/bin/../lib/gcc/arm-none-eabi/7.2.1/../../../../arm-none-eabi/lib/thumb/v7e-m\libg_nano.a(lib_a-impure.o)
 *(.data_end .data_end.*)
 .data_end      0x20000078        0x4 ./system/src/newlib/_startup.o
                0x2000007c                . = ALIGN (0x4)
                0x2000007c                _edata = .
                0x2000007c                __data_end__ = .

.igot.plt       0x2000007c        0x0 load address 0x08002bb4
 .igot.plt      0x2000007c        0x0 ./system/src/stm32f4-hal/stm32f4xx_hal.o

.bss_CCMRAM     0x10000000        0x0
 *(.bss.CCMRAM .bss.CCMRAM.*)

.bss            0x2000007c     0xc53c
                0x2000007c                __bss_start__ = .
                0x2000007c                _sbss = .
 *(.bss_begin .bss_begin.*)
 .bss_begin     0x2000007c        0x4 ./system/src/newlib/_startup.o
 *(.bss .bss.*)
 .bss.current_heap_end.3961
                0x20000080        0x4 ./system/src/newlib/_sbrk.o
 .bss.name.4309
                0x20000084        0x1 ./system/src/newlib/_syscalls.o
 *fill*         0x20000085        0x3 
 .bss.buf.5205  0x20000088       0x80 ./system/src/diag/Trace.o
 .bss.UART_GPFun
                0x20000108        0x4 ./src/MCAL/MUART/MUART_program.o
                0x20000108                UART_GPFun
 .bss.Addr_To_Call
                0x2000010c        0x4 ./src/main.o
                0x2000010c                Addr_To_Call
 .bss.DataStatus
                0x20000110        0x1 ./src/main.o
                0x20000110                DataStatus
 *fill*         0x20000111        0x3 
 .bss.HexCounter
                0x20000114        0x4 ./src/main.o
                0x20000114                HexCounter
 .bss.TimeOutFlag
                0x20000118        0x1 ./src/main.o
                0x20000118                TimeOutFlag
 *fill*         0x20000119        0x3 
 .bss.u8RecBuffer
                0x2000011c       0x64 ./src/main.o
                0x2000011c                u8RecBuffer
 .bss.u8RecCounter
                0x20000180        0x1 ./src/main.o
                0x20000180                u8RecCounter
 *fill*         0x20000181        0x3 
 .bss.__malloc_free_list
                0x20000184        0x4 e:/embedded_iti/01-embedded systems avr tools/01- imt sdk/imt_sdk_win_64/winarm/armgcc/bin/../lib/gcc/arm-none-eabi/7.2.1/../../../../arm-none-eabi/lib/thumb/v7e-m\libg_nano.a(lib_a-nano-mallocr.o)
                0x20000184                __malloc_free_list
 .bss.__malloc_sbrk_start
                0x20000188        0x4 e:/embedded_iti/01-embedded systems avr tools/01- imt sdk/imt_sdk_win_64/winarm/armgcc/bin/../lib/gcc/arm-none-eabi/7.2.1/../../../../arm-none-eabi/lib/thumb/v7e-m\libg_nano.a(lib_a-nano-mallocr.o)
                0x20000188                __malloc_sbrk_start
 *(COMMON)
 COMMON         0x2000018c        0x4 ./system/src/stm32f4-hal/stm32f4xx_hal.o
                0x2000018c                uwTick
 COMMON         0x20000190        0x4 ./system/src/newlib/_syscalls.o
                0x20000190                errno
 COMMON         0x20000194        0x8 ./src/MCAL/MSYSTIKC/MSYSTICK_program.o
                0x20000194                L_u8PeriodicFlag
                0x20000198                SYSTICK_GPFun
 COMMON         0x2000019c       0xc8 ./src/APP/AHexParser/AHexParser_program.o
                0x2000019c                DataBuffer
 COMMON         0x20000264     0xc350 ./src/main.o
                0x20000264                HexFileData
 *(.bss_end .bss_end.*)
 .bss_end       0x2000c5b4        0x4 ./system/src/newlib/_startup.o
                0x2000c5b8                . = ALIGN (0x4)
                0x2000c5b8                __bss_end__ = .
                0x2000c5b8                _ebss = .

.noinit_CCMRAM
 *(.noinit.CCMRAM .noinit.CCMRAM.*)

.noinit         0x2000c5b8        0x0
                0x2000c5b8                _noinit = .
 *(.noinit .noinit.*)
                0x2000c5b8                . = ALIGN (0x4)
                0x2000c5b8                _end_noinit = .
                [!provide]                PROVIDE (end, _end_noinit)
                [!provide]                PROVIDE (_end, _end_noinit)
                [!provide]                PROVIDE (__end, _end_noinit)
                [!provide]                PROVIDE (__end__, _end_noinit)

._check_stack   0x2000c5b8      0x100
                0x2000c6b8                . = (. + _Minimum_Stack_Size)
 *fill*         0x2000c5b8      0x100 

.b1text
 *(.b1text)
 *(.b1rodata)
 *(.b1rodata.*)

.eb0text
 *(.eb0text)
 *(.eb0rodata)
 *(.eb0rodata.*)

.eb1text
 *(.eb1text)
 *(.eb1rodata)
 *(.eb1rodata.*)

.eb2text
 *(.eb2text)
 *(.eb2rodata)
 *(.eb2rodata.*)

.eb3text
 *(.eb3text)
 *(.eb3rodata)
 *(.eb3rodata.*)

.stab
 *(.stab)

.stabstr
 *(.stabstr)

.stab.excl
 *(.stab.excl)

.stab.exclstr
 *(.stab.exclstr)

.stab.index
 *(.stab.index)

.stab.indexstr
 *(.stab.indexstr)

.comment        0x00000000       0x7e
 *(.comment)
 .comment       0x00000000       0x7e ./system/src/stm32f4-hal/stm32f4xx_hal.o
                                 0x7f (size before relaxing)
 .comment       0x0000007e       0x7f ./system/src/stm32f4-hal/stm32f4xx_hal_cortex.o
 .comment       0x0000007e       0x7f ./system/src/stm32f4-hal/stm32f4xx_hal_rcc.o
 .comment       0x0000007e       0x7f ./system/src/newlib/_exit.o
 .comment       0x0000007e       0x7f ./system/src/newlib/_sbrk.o
 .comment       0x0000007e       0x7f ./system/src/newlib/_startup.o
 .comment       0x0000007e       0x7f ./system/src/newlib/_syscalls.o
 .comment       0x0000007e       0x7f ./system/src/newlib/assert.o
 .comment       0x0000007e       0x7f ./system/src/diag/Trace.o
 .comment       0x0000007e       0x7f ./system/src/diag/trace_impl.o
 .comment       0x0000007e       0x7f ./system/src/cortexm/_initialize_hardware.o
 .comment       0x0000007e       0x7f ./system/src/cortexm/exception_handlers.o
 .comment       0x0000007e       0x7f ./system/src/cmsis/system_stm32f4xx.o
 .comment       0x0000007e       0x7f ./system/src/cmsis/vectors_stm32f401xc.o
 .comment       0x0000007e       0x7f ./src/MCAL/MUART/MUART_program.o
 .comment       0x0000007e       0x7f ./src/MCAL/MSYSTIKC/MSYSTICK_program.o
 .comment       0x0000007e       0x7f ./src/MCAL/MRCC/MRCC_program.o
 .comment       0x0000007e       0x7f ./src/MCAL/MGPIO/MGPIO_program.o
 .comment       0x0000007e       0x7f ./src/MCAL/MFMI/MFMI_program.o
 .comment       0x0000007e       0x7f ./src/HAL/HWIFI/HWIFI_program.o
 .comment       0x0000007e       0x7f ./src/APP/AHexParser/AHexParser_program.o
 .comment       0x0000007e       0x7f ./src/_initialize_hardware.o
 .comment       0x0000007e       0x7f ./src/main.o
 .comment       0x0000007e       0x7f ./src/stm32f4xx_hal_msp.o

.ARM.attributes
                0x00000000       0x31
 .ARM.attributes
                0x00000000       0x33 ./system/src/stm32f4-hal/stm32f4xx_hal.o
 .ARM.attributes
                0x00000033       0x33 ./system/src/stm32f4-hal/stm32f4xx_hal_cortex.o
 .ARM.attributes
                0x00000066       0x33 ./system/src/stm32f4-hal/stm32f4xx_hal_rcc.o
 .ARM.attributes
                0x00000099       0x33 ./system/src/newlib/_exit.o
 .ARM.attributes
                0x000000cc       0x33 ./system/src/newlib/_sbrk.o
 .ARM.attributes
                0x000000ff       0x33 ./system/src/newlib/_startup.o
 .ARM.attributes
                0x00000132       0x33 ./system/src/newlib/_syscalls.o
 .ARM.attributes
                0x00000165       0x33 ./system/src/newlib/assert.o
 .ARM.attributes
                0x00000198       0x33 ./system/src/diag/Trace.o
 .ARM.attributes
                0x000001cb       0x33 ./system/src/diag/trace_impl.o
 .ARM.attributes
                0x000001fe       0x33 ./system/src/cortexm/_initialize_hardware.o
 .ARM.attributes
                0x00000231       0x33 ./system/src/cortexm/exception_handlers.o
 .ARM.attributes
                0x00000264       0x33 ./system/src/cmsis/system_stm32f4xx.o
 .ARM.attributes
                0x00000297       0x33 ./system/src/cmsis/vectors_stm32f401xc.o
 .ARM.attributes
                0x000002ca       0x33 ./src/MCAL/MUART/MUART_program.o
 .ARM.attributes
                0x000002fd       0x33 ./src/MCAL/MSYSTIKC/MSYSTICK_program.o
 .ARM.attributes
                0x00000330       0x33 ./src/MCAL/MRCC/MRCC_program.o
 .ARM.attributes
                0x00000363       0x33 ./src/MCAL/MGPIO/MGPIO_program.o
 .ARM.attributes
                0x00000396       0x33 ./src/MCAL/MFMI/MFMI_program.o
 .ARM.attributes
                0x000003c9       0x33 ./src/HAL/HWIFI/HWIFI_program.o
 .ARM.attributes
                0x000003fc       0x33 ./src/APP/AHexParser/AHexParser_program.o
 .ARM.attributes
                0x0000042f       0x33 ./src/_initialize_hardware.o
 .ARM.attributes
                0x00000462       0x33 ./src/main.o
 .ARM.attributes
                0x00000495       0x33 ./src/stm32f4xx_hal_msp.o
 .ARM.attributes
                0x000004c8       0x1e e:/embedded_iti/01-embedded systems avr tools/01- imt sdk/imt_sdk_win_64/winarm/armgcc/bin/../lib/gcc/arm-none-eabi/7.2.1/thumb/v7e-m\libgcc.a(_arm_addsubsf3.o)
 .ARM.attributes
                0x000004e6       0x1e e:/embedded_iti/01-embedded systems avr tools/01- imt sdk/imt_sdk_win_64/winarm/armgcc/bin/../lib/gcc/arm-none-eabi/7.2.1/thumb/v7e-m\libgcc.a(_arm_muldivsf3.o)
 .ARM.attributes
                0x00000504       0x1e e:/embedded_iti/01-embedded systems avr tools/01- imt sdk/imt_sdk_win_64/winarm/armgcc/bin/../lib/gcc/arm-none-eabi/7.2.1/thumb/v7e-m\libgcc.a(_arm_fixunssfsi.o)
 .ARM.attributes
                0x00000522       0x2e e:/embedded_iti/01-embedded systems avr tools/01- imt sdk/imt_sdk_win_64/winarm/armgcc/bin/../lib/gcc/arm-none-eabi/7.2.1/../../../../arm-none-eabi/lib/thumb/v7e-m\libg_nano.a(lib_a-errno.o)
 .ARM.attributes
                0x00000550       0x2e e:/embedded_iti/01-embedded systems avr tools/01- imt sdk/imt_sdk_win_64/winarm/armgcc/bin/../lib/gcc/arm-none-eabi/7.2.1/../../../../arm-none-eabi/lib/thumb/v7e-m\libg_nano.a(lib_a-impure.o)
 .ARM.attributes
                0x0000057e       0x2e e:/embedded_iti/01-embedded systems avr tools/01- imt sdk/imt_sdk_win_64/winarm/armgcc/bin/../lib/gcc/arm-none-eabi/7.2.1/../../../../arm-none-eabi/lib/thumb/v7e-m\libg_nano.a(lib_a-memset.o)
 .ARM.attributes
                0x000005ac       0x17 e:/embedded_iti/01-embedded systems avr tools/01- imt sdk/imt_sdk_win_64/winarm/armgcc/bin/../lib/gcc/arm-none-eabi/7.2.1/../../../../arm-none-eabi/lib/thumb/v7e-m\libg_nano.a(lib_a-strlen.o)
 .ARM.attributes
                0x000005c3       0x2e e:/embedded_iti/01-embedded systems avr tools/01- imt sdk/imt_sdk_win_64/winarm/armgcc/bin/../lib/gcc/arm-none-eabi/7.2.1/../../../../arm-none-eabi/lib/thumb/v7e-m\libg_nano.a(lib_a-vsnprintf.o)
 .ARM.attributes
                0x000005f1       0x2e e:/embedded_iti/01-embedded systems avr tools/01- imt sdk/imt_sdk_win_64/winarm/armgcc/bin/../lib/gcc/arm-none-eabi/7.2.1/../../../../arm-none-eabi/lib/thumb/v7e-m\libg_nano.a(lib_a-nano-svfprintf.o)
 .ARM.attributes
                0x0000061f       0x2e e:/embedded_iti/01-embedded systems avr tools/01- imt sdk/imt_sdk_win_64/winarm/armgcc/bin/../lib/gcc/arm-none-eabi/7.2.1/../../../../arm-none-eabi/lib/thumb/v7e-m\libg_nano.a(lib_a-nano-vfprintf_i.o)
 .ARM.attributes
                0x0000064d       0x1c e:/embedded_iti/01-embedded systems avr tools/01- imt sdk/imt_sdk_win_64/winarm/armgcc/bin/../lib/gcc/arm-none-eabi/7.2.1/../../../../arm-none-eabi/lib/thumb/v7e-m\libg_nano.a(lib_a-memchr.o)
 .ARM.attributes
                0x00000669       0x2e e:/embedded_iti/01-embedded systems avr tools/01- imt sdk/imt_sdk_win_64/winarm/armgcc/bin/../lib/gcc/arm-none-eabi/7.2.1/../../../../arm-none-eabi/lib/thumb/v7e-m\libg_nano.a(lib_a-memcpy-stub.o)
 .ARM.attributes
                0x00000697       0x2e e:/embedded_iti/01-embedded systems avr tools/01- imt sdk/imt_sdk_win_64/winarm/armgcc/bin/../lib/gcc/arm-none-eabi/7.2.1/../../../../arm-none-eabi/lib/thumb/v7e-m\libg_nano.a(lib_a-memmove.o)
 .ARM.attributes
                0x000006c5       0x2e e:/embedded_iti/01-embedded systems avr tools/01- imt sdk/imt_sdk_win_64/winarm/armgcc/bin/../lib/gcc/arm-none-eabi/7.2.1/../../../../arm-none-eabi/lib/thumb/v7e-m\libg_nano.a(lib_a-nano-freer.o)
 .ARM.attributes
                0x000006f3       0x2e e:/embedded_iti/01-embedded systems avr tools/01- imt sdk/imt_sdk_win_64/winarm/armgcc/bin/../lib/gcc/arm-none-eabi/7.2.1/../../../../arm-none-eabi/lib/thumb/v7e-m\libg_nano.a(lib_a-nano-mallocr.o)
 .ARM.attributes
                0x00000721       0x2e e:/embedded_iti/01-embedded systems avr tools/01- imt sdk/imt_sdk_win_64/winarm/armgcc/bin/../lib/gcc/arm-none-eabi/7.2.1/../../../../arm-none-eabi/lib/thumb/v7e-m\libg_nano.a(lib_a-nano-reallocr.o)
 .ARM.attributes
                0x0000074f       0x2e e:/embedded_iti/01-embedded systems avr tools/01- imt sdk/imt_sdk_win_64/winarm/armgcc/bin/../lib/gcc/arm-none-eabi/7.2.1/../../../../arm-none-eabi/lib/thumb/v7e-m\libg_nano.a(lib_a-sbrkr.o)
 .ARM.attributes
                0x0000077d       0x2e e:/embedded_iti/01-embedded systems avr tools/01- imt sdk/imt_sdk_win_64/winarm/armgcc/bin/../lib/gcc/arm-none-eabi/7.2.1/../../../../arm-none-eabi/lib/thumb/v7e-m\libg_nano.a(lib_a-mlock.o)
 .ARM.attributes
                0x000007ab       0x2e e:/embedded_iti/01-embedded systems avr tools/01- imt sdk/imt_sdk_win_64/winarm/armgcc/bin/../lib/gcc/arm-none-eabi/7.2.1/../../../../arm-none-eabi/lib/thumb/v7e-m\libg_nano.a(lib_a-nano-msizer.o)

.debug
 *(.debug)

.line
 *(.line)

.debug_srcinfo
 *(.debug_srcinfo)

.debug_sfnames
 *(.debug_sfnames)

.debug_aranges  0x00000000      0x698
 *(.debug_aranges)
 .debug_aranges
                0x00000000       0xc0 ./system/src/stm32f4-hal/stm32f4xx_hal.o
 .debug_aranges
                0x000000c0       0x98 ./system/src/stm32f4-hal/stm32f4xx_hal_cortex.o
 .debug_aranges
                0x00000158       0x88 ./system/src/stm32f4-hal/stm32f4xx_hal_rcc.o
 .debug_aranges
                0x000001e0       0x28 ./system/src/newlib/_exit.o
 .debug_aranges
                0x00000208       0x20 ./system/src/newlib/_sbrk.o
 .debug_aranges
                0x00000228       0x40 ./system/src/newlib/_startup.o
 .debug_aranges
                0x00000268       0x30 ./system/src/newlib/_syscalls.o
 .debug_aranges
                0x00000298       0x28 ./system/src/newlib/assert.o
 .debug_aranges
                0x000002c0       0x38 ./system/src/diag/Trace.o
 .debug_aranges
                0x000002f8       0x30 ./system/src/diag/trace_impl.o
 .debug_aranges
                0x00000328       0x28 ./system/src/cortexm/_initialize_hardware.o
 .debug_aranges
                0x00000350       0x90 ./system/src/cortexm/exception_handlers.o
 .debug_aranges
                0x000003e0       0x28 ./system/src/cmsis/system_stm32f4xx.o
 .debug_aranges
                0x00000408       0x20 ./system/src/cmsis/vectors_stm32f401xc.o
 .debug_aranges
                0x00000428       0x68 ./src/MCAL/MUART/MUART_program.o
 .debug_aranges
                0x00000490       0x60 ./src/MCAL/MSYSTIKC/MSYSTICK_program.o
 .debug_aranges
                0x000004f0       0x30 ./src/MCAL/MRCC/MRCC_program.o
 .debug_aranges
                0x00000520       0x58 ./src/MCAL/MGPIO/MGPIO_program.o
 .debug_aranges
                0x00000578       0x30 ./src/MCAL/MFMI/MFMI_program.o
 .debug_aranges
                0x000005a8       0x40 ./src/HAL/HWIFI/HWIFI_program.o
 .debug_aranges
                0x000005e8       0x28 ./src/APP/AHexParser/AHexParser_program.o
 .debug_aranges
                0x00000610       0x28 ./src/_initialize_hardware.o
 .debug_aranges
                0x00000638       0x28 ./src/main.o
 .debug_aranges
                0x00000660       0x38 ./src/stm32f4xx_hal_msp.o

.debug_pubnames
 *(.debug_pubnames)

.debug_info     0x00000000     0xdaad
 *(.debug_info .gnu.linkonce.wi.*)
 .debug_info    0x00000000     0x107e ./system/src/stm32f4-hal/stm32f4xx_hal.o
 .debug_info    0x0000107e     0x1863 ./system/src/stm32f4-hal/stm32f4xx_hal_cortex.o
 .debug_info    0x000028e1     0x177e ./system/src/stm32f4-hal/stm32f4xx_hal_rcc.o
 .debug_info    0x0000405f      0x956 ./system/src/newlib/_exit.o
 .debug_info    0x000049b5      0x942 ./system/src/newlib/_sbrk.o
 .debug_info    0x000052f7      0x4bf ./system/src/newlib/_startup.o
 .debug_info    0x000057b6      0xa19 ./system/src/newlib/_syscalls.o
 .debug_info    0x000061cf      0x9ff ./system/src/newlib/assert.o
 .debug_info    0x00006bce      0xb2a ./system/src/diag/Trace.o
 .debug_info    0x000076f8      0xb6b ./system/src/diag/trace_impl.o
 .debug_info    0x00008263      0xade ./system/src/cortexm/_initialize_hardware.o
 .debug_info    0x00008d41     0x115a ./system/src/cortexm/exception_handlers.o
 .debug_info    0x00009e9b      0xcfe ./system/src/cmsis/system_stm32f4xx.o
 .debug_info    0x0000ab99       0xca ./system/src/cmsis/vectors_stm32f401xc.o
 .debug_info    0x0000ac63      0x2e0 ./src/MCAL/MUART/MUART_program.o
 .debug_info    0x0000af43      0x361 ./src/MCAL/MSYSTIKC/MSYSTICK_program.o
 .debug_info    0x0000b2a4      0x295 ./src/MCAL/MRCC/MRCC_program.o
 .debug_info    0x0000b539      0x326 ./src/MCAL/MGPIO/MGPIO_program.o
 .debug_info    0x0000b85f      0x186 ./src/MCAL/MFMI/MFMI_program.o
 .debug_info    0x0000b9e5      0x33a ./src/HAL/HWIFI/HWIFI_program.o
 .debug_info    0x0000bd1f      0x233 ./src/APP/AHexParser/AHexParser_program.o
 .debug_info    0x0000bf52      0xd34 ./src/_initialize_hardware.o
 .debug_info    0x0000cc86      0x518 ./src/main.o
 .debug_info    0x0000d19e      0x90f ./src/stm32f4xx_hal_msp.o

.debug_abbrev   0x00000000     0x2e80
 *(.debug_abbrev)
 .debug_abbrev  0x00000000      0x32b ./system/src/stm32f4-hal/stm32f4xx_hal.o
 .debug_abbrev  0x0000032b      0x3f1 ./system/src/stm32f4-hal/stm32f4xx_hal_cortex.o
 .debug_abbrev  0x0000071c      0x394 ./system/src/stm32f4-hal/stm32f4xx_hal_rcc.o
 .debug_abbrev  0x00000ab0      0x1f3 ./system/src/newlib/_exit.o
 .debug_abbrev  0x00000ca3      0x1fc ./system/src/newlib/_sbrk.o
 .debug_abbrev  0x00000e9f      0x1cb ./system/src/newlib/_startup.o
 .debug_abbrev  0x0000106a      0x234 ./system/src/newlib/_syscalls.o
 .debug_abbrev  0x0000129e      0x1f3 ./system/src/newlib/assert.o
 .debug_abbrev  0x00001491      0x276 ./system/src/diag/Trace.o
 .debug_abbrev  0x00001707      0x2ef ./system/src/diag/trace_impl.o
 .debug_abbrev  0x000019f6      0x1de ./system/src/cortexm/_initialize_hardware.o
 .debug_abbrev  0x00001bd4      0x32b ./system/src/cortexm/exception_handlers.o
 .debug_abbrev  0x00001eff      0x216 ./system/src/cmsis/system_stm32f4xx.o
 .debug_abbrev  0x00002115       0x9d ./system/src/cmsis/vectors_stm32f401xc.o
 .debug_abbrev  0x000021b2      0x1a8 ./src/MCAL/MUART/MUART_program.o
 .debug_abbrev  0x0000235a      0x153 ./src/MCAL/MSYSTIKC/MSYSTICK_program.o
 .debug_abbrev  0x000024ad       0xcd ./src/MCAL/MRCC/MRCC_program.o
 .debug_abbrev  0x0000257a       0xed ./src/MCAL/MGPIO/MGPIO_program.o
 .debug_abbrev  0x00002667       0xe8 ./src/MCAL/MFMI/MFMI_program.o
 .debug_abbrev  0x0000274f      0x125 ./src/HAL/HWIFI/HWIFI_program.o
 .debug_abbrev  0x00002874      0x105 ./src/APP/AHexParser/AHexParser_program.o
 .debug_abbrev  0x00002979      0x22d ./src/_initialize_hardware.o
 .debug_abbrev  0x00002ba6      0x129 ./src/main.o
 .debug_abbrev  0x00002ccf      0x1b1 ./src/stm32f4xx_hal_msp.o

.debug_line     0x00000000     0x8f77
 *(.debug_line)
 .debug_line    0x00000000      0xc10 ./system/src/stm32f4-hal/stm32f4xx_hal.o
 .debug_line    0x00000c10      0xd07 ./system/src/stm32f4-hal/stm32f4xx_hal_cortex.o
 .debug_line    0x00001917      0xe92 ./system/src/stm32f4-hal/stm32f4xx_hal_rcc.o
 .debug_line    0x000027a9      0x3d3 ./system/src/newlib/_exit.o
 .debug_line    0x00002b7c      0x387 ./system/src/newlib/_sbrk.o
 .debug_line    0x00002f03      0x44f ./system/src/newlib/_startup.o
 .debug_line    0x00003352      0x4be ./system/src/newlib/_syscalls.o
 .debug_line    0x00003810      0x40e ./system/src/newlib/assert.o
 .debug_line    0x00003c1e      0x44f ./system/src/diag/Trace.o
 .debug_line    0x0000406d      0xb43 ./system/src/diag/trace_impl.o
 .debug_line    0x00004bb0      0xaac ./system/src/cortexm/_initialize_hardware.o
 .debug_line    0x0000565c      0xbfa ./system/src/cortexm/exception_handlers.o
 .debug_line    0x00006256      0xab2 ./system/src/cmsis/system_stm32f4xx.o
 .debug_line    0x00006d08      0x123 ./system/src/cmsis/vectors_stm32f401xc.o
 .debug_line    0x00006e2b      0x184 ./src/MCAL/MUART/MUART_program.o
 .debug_line    0x00006faf      0x196 ./src/MCAL/MSYSTIKC/MSYSTICK_program.o
 .debug_line    0x00007145      0x118 ./src/MCAL/MRCC/MRCC_program.o
 .debug_line    0x0000725d      0x1c9 ./src/MCAL/MGPIO/MGPIO_program.o
 .debug_line    0x00007426      0x131 ./src/MCAL/MFMI/MFMI_program.o
 .debug_line    0x00007557      0x1a3 ./src/HAL/HWIFI/HWIFI_program.o
 .debug_line    0x000076fa      0x151 ./src/APP/AHexParser/AHexParser_program.o
 .debug_line    0x0000784b      0xaa5 ./src/_initialize_hardware.o
 .debug_line    0x000082f0      0x1e1 ./src/main.o
 .debug_line    0x000084d1      0xaa6 ./src/stm32f4xx_hal_msp.o

.debug_frame    0x00000000     0x10d0
 *(.debug_frame)
 .debug_frame   0x00000000      0x188 ./system/src/stm32f4-hal/stm32f4xx_hal.o
 .debug_frame   0x00000188      0x17c ./system/src/stm32f4-hal/stm32f4xx_hal_cortex.o
 .debug_frame   0x00000304      0x140 ./system/src/stm32f4-hal/stm32f4xx_hal_rcc.o
 .debug_frame   0x00000444       0x38 ./system/src/newlib/_exit.o
 .debug_frame   0x0000047c       0x28 ./system/src/newlib/_sbrk.o
 .debug_frame   0x000004a4       0x7c ./system/src/newlib/_startup.o
 .debug_frame   0x00000520       0x50 ./system/src/newlib/_syscalls.o
 .debug_frame   0x00000570       0x40 ./system/src/newlib/assert.o
 .debug_frame   0x000005b0       0x94 ./system/src/diag/Trace.o
 .debug_frame   0x00000644       0x64 ./system/src/diag/trace_impl.o
 .debug_frame   0x000006a8       0x40 ./system/src/cortexm/_initialize_hardware.o
 .debug_frame   0x000006e8      0x158 ./system/src/cortexm/exception_handlers.o
 .debug_frame   0x00000840       0x30 ./system/src/cmsis/system_stm32f4xx.o
 .debug_frame   0x00000870       0x20 ./system/src/cmsis/vectors_stm32f401xc.o
 .debug_frame   0x00000890       0xc4 ./src/MCAL/MUART/MUART_program.o
 .debug_frame   0x00000954       0xd8 ./src/MCAL/MSYSTIKC/MSYSTICK_program.o
 .debug_frame   0x00000a2c       0x40 ./src/MCAL/MRCC/MRCC_program.o
 .debug_frame   0x00000a6c       0xc4 ./src/MCAL/MGPIO/MGPIO_program.o
 .debug_frame   0x00000b30       0x4c ./src/MCAL/MFMI/MFMI_program.o
 .debug_frame   0x00000b7c       0x9c ./src/HAL/HWIFI/HWIFI_program.o
 .debug_frame   0x00000c18       0x48 ./src/APP/AHexParser/AHexParser_program.o
 .debug_frame   0x00000c60       0x4c ./src/_initialize_hardware.o
 .debug_frame   0x00000cac       0x44 ./src/main.o
 .debug_frame   0x00000cf0       0x50 ./src/stm32f4xx_hal_msp.o
 .debug_frame   0x00000d40       0x4c e:/embedded_iti/01-embedded systems avr tools/01- imt sdk/imt_sdk_win_64/winarm/armgcc/bin/../lib/gcc/arm-none-eabi/7.2.1/thumb/v7e-m\libgcc.a(_arm_addsubsf3.o)
 .debug_frame   0x00000d8c       0x38 e:/embedded_iti/01-embedded systems avr tools/01- imt sdk/imt_sdk_win_64/winarm/armgcc/bin/../lib/gcc/arm-none-eabi/7.2.1/thumb/v7e-m\libgcc.a(_arm_muldivsf3.o)
 .debug_frame   0x00000dc4       0x24 e:/embedded_iti/01-embedded systems avr tools/01- imt sdk/imt_sdk_win_64/winarm/armgcc/bin/../lib/gcc/arm-none-eabi/7.2.1/thumb/v7e-m\libgcc.a(_arm_fixunssfsi.o)
 .debug_frame   0x00000de8       0x20 e:/embedded_iti/01-embedded systems avr tools/01- imt sdk/imt_sdk_win_64/winarm/armgcc/bin/../lib/gcc/arm-none-eabi/7.2.1/../../../../arm-none-eabi/lib/thumb/v7e-m\libg_nano.a(lib_a-errno.o)
 .debug_frame   0x00000e08       0x20 e:/embedded_iti/01-embedded systems avr tools/01- imt sdk/imt_sdk_win_64/winarm/armgcc/bin/../lib/gcc/arm-none-eabi/7.2.1/../../../../arm-none-eabi/lib/thumb/v7e-m\libg_nano.a(lib_a-memset.o)
 .debug_frame   0x00000e28       0x4c e:/embedded_iti/01-embedded systems avr tools/01- imt sdk/imt_sdk_win_64/winarm/armgcc/bin/../lib/gcc/arm-none-eabi/7.2.1/../../../../arm-none-eabi/lib/thumb/v7e-m\libg_nano.a(lib_a-vsnprintf.o)
 .debug_frame   0x00000e74       0x90 e:/embedded_iti/01-embedded systems avr tools/01- imt sdk/imt_sdk_win_64/winarm/armgcc/bin/../lib/gcc/arm-none-eabi/7.2.1/../../../../arm-none-eabi/lib/thumb/v7e-m\libg_nano.a(lib_a-nano-svfprintf.o)
 .debug_frame   0x00000f04       0x60 e:/embedded_iti/01-embedded systems avr tools/01- imt sdk/imt_sdk_win_64/winarm/armgcc/bin/../lib/gcc/arm-none-eabi/7.2.1/../../../../arm-none-eabi/lib/thumb/v7e-m\libg_nano.a(lib_a-nano-vfprintf_i.o)
 .debug_frame   0x00000f64       0x28 e:/embedded_iti/01-embedded systems avr tools/01- imt sdk/imt_sdk_win_64/winarm/armgcc/bin/../lib/gcc/arm-none-eabi/7.2.1/../../../../arm-none-eabi/lib/thumb/v7e-m\libg_nano.a(lib_a-memcpy-stub.o)
 .debug_frame   0x00000f8c       0x28 e:/embedded_iti/01-embedded systems avr tools/01- imt sdk/imt_sdk_win_64/winarm/armgcc/bin/../lib/gcc/arm-none-eabi/7.2.1/../../../../arm-none-eabi/lib/thumb/v7e-m\libg_nano.a(lib_a-memmove.o)
 .debug_frame   0x00000fb4       0x38 e:/embedded_iti/01-embedded systems avr tools/01- imt sdk/imt_sdk_win_64/winarm/armgcc/bin/../lib/gcc/arm-none-eabi/7.2.1/../../../../arm-none-eabi/lib/thumb/v7e-m\libg_nano.a(lib_a-nano-freer.o)
 .debug_frame   0x00000fec       0x2c e:/embedded_iti/01-embedded systems avr tools/01- imt sdk/imt_sdk_win_64/winarm/armgcc/bin/../lib/gcc/arm-none-eabi/7.2.1/../../../../arm-none-eabi/lib/thumb/v7e-m\libg_nano.a(lib_a-nano-mallocr.o)
 .debug_frame   0x00001018       0x3c e:/embedded_iti/01-embedded systems avr tools/01- imt sdk/imt_sdk_win_64/winarm/armgcc/bin/../lib/gcc/arm-none-eabi/7.2.1/../../../../arm-none-eabi/lib/thumb/v7e-m\libg_nano.a(lib_a-nano-reallocr.o)
 .debug_frame   0x00001054       0x2c e:/embedded_iti/01-embedded systems avr tools/01- imt sdk/imt_sdk_win_64/winarm/armgcc/bin/../lib/gcc/arm-none-eabi/7.2.1/../../../../arm-none-eabi/lib/thumb/v7e-m\libg_nano.a(lib_a-sbrkr.o)
 .debug_frame   0x00001080       0x30 e:/embedded_iti/01-embedded systems avr tools/01- imt sdk/imt_sdk_win_64/winarm/armgcc/bin/../lib/gcc/arm-none-eabi/7.2.1/../../../../arm-none-eabi/lib/thumb/v7e-m\libg_nano.a(lib_a-mlock.o)
 .debug_frame   0x000010b0       0x20 e:/embedded_iti/01-embedded systems avr tools/01- imt sdk/imt_sdk_win_64/winarm/armgcc/bin/../lib/gcc/arm-none-eabi/7.2.1/../../../../arm-none-eabi/lib/thumb/v7e-m\libg_nano.a(lib_a-nano-msizer.o)

.debug_str      0x00000000    0x74b1a
 *(.debug_str)
 .debug_str     0x00000000    0x6fc68 ./system/src/stm32f4-hal/stm32f4xx_hal.o
                              0x7009c (size before relaxing)
 .debug_str     0x0006fc68      0x396 ./system/src/stm32f4-hal/stm32f4xx_hal_cortex.o
                              0x6ff06 (size before relaxing)
 .debug_str     0x0006fffe      0x3f5 ./system/src/stm32f4-hal/stm32f4xx_hal_rcc.o
                              0x6fc1e (size before relaxing)
 .debug_str     0x000703f3     0x10ff ./system/src/newlib/_exit.o
                               0x7efd (size before relaxing)
 .debug_str     0x000714f2      0x4f5 ./system/src/newlib/_sbrk.o
                               0x72af (size before relaxing)
 .debug_str     0x000719e7      0x2c6 ./system/src/newlib/_startup.o
                               0x6a50 (size before relaxing)
 .debug_str     0x00071cad      0xe8b ./system/src/newlib/_syscalls.o
                               0x818a (size before relaxing)
 .debug_str     0x00072b38       0xd0 ./system/src/newlib/assert.o
                               0x8a02 (size before relaxing)
 .debug_str     0x00072c08      0x176 ./system/src/diag/Trace.o
                               0x8675 (size before relaxing)
 .debug_str     0x00072d7e      0x37b ./system/src/diag/trace_impl.o
                              0x7099b (size before relaxing)
 .debug_str     0x000730f9       0x5e ./system/src/cortexm/_initialize_hardware.o
                              0x6f72d (size before relaxing)
 .debug_str     0x00073157      0x19d ./system/src/cortexm/exception_handlers.o
                              0x70b25 (size before relaxing)
 .debug_str     0x000732f4       0x46 ./system/src/cmsis/system_stm32f4xx.o
                              0x6f80e (size before relaxing)
 .debug_str     0x0007333a       0x59 ./system/src/cmsis/vectors_stm32f401xc.o
                               0x388d (size before relaxing)
 .debug_str     0x00073393      0x346 ./src/MCAL/MUART/MUART_program.o
                               0x310b (size before relaxing)
 .debug_str     0x000736d9      0x32d ./src/MCAL/MSYSTIKC/MSYSTICK_program.o
                               0x31c1 (size before relaxing)
 .debug_str     0x00073a06      0x633 ./src/MCAL/MRCC/MRCC_program.o
                               0x34f1 (size before relaxing)
 .debug_str     0x00074039      0x612 ./src/MCAL/MGPIO/MGPIO_program.o
                               0x34a4 (size before relaxing)
 .debug_str     0x0007464b      0x155 ./src/MCAL/MFMI/MFMI_program.o
                               0x2fd5 (size before relaxing)
 .debug_str     0x000747a0      0x16c ./src/HAL/HWIFI/HWIFI_program.o
                               0x3059 (size before relaxing)
 .debug_str     0x0007490c       0xf1 ./src/APP/AHexParser/AHexParser_program.o
                               0x2f94 (size before relaxing)
 .debug_str     0x000749fd       0x31 ./src/_initialize_hardware.o
                              0x6f924 (size before relaxing)
 .debug_str     0x00074a2e       0xaf ./src/main.o
                               0x3898 (size before relaxing)
 .debug_str     0x00074add       0x3d ./src/stm32f4xx_hal_msp.o
                              0x6f675 (size before relaxing)

.debug_loc      0x00000000     0x2996
 *(.debug_loc)
 .debug_loc     0x00000000       0x92 ./system/src/stm32f4-hal/stm32f4xx_hal.o
 .debug_loc     0x00000092      0x73b ./system/src/stm32f4-hal/stm32f4xx_hal_cortex.o
 .debug_loc     0x000007cd      0x50a ./system/src/stm32f4-hal/stm32f4xx_hal_rcc.o
 .debug_loc     0x00000cd7       0x85 ./system/src/newlib/_sbrk.o
 .debug_loc     0x00000d5c      0x2cb ./system/src/newlib/_startup.o
 .debug_loc     0x00001027       0x63 ./system/src/newlib/_syscalls.o
 .debug_loc     0x0000108a      0x134 ./system/src/newlib/assert.o
 .debug_loc     0x000011be       0xf6 ./system/src/diag/Trace.o
 .debug_loc     0x000012b4      0x121 ./system/src/diag/trace_impl.o
 .debug_loc     0x000013d5      0x291 ./system/src/cortexm/exception_handlers.o
 .debug_loc     0x00001666      0x13e ./system/src/cmsis/system_stm32f4xx.o
 .debug_loc     0x000017a4       0xcb ./src/MCAL/MUART/MUART_program.o
 .debug_loc     0x0000186f      0x122 ./src/MCAL/MSYSTIKC/MSYSTICK_program.o
 .debug_loc     0x00001991       0xd8 ./src/MCAL/MRCC/MRCC_program.o
 .debug_loc     0x00001a69      0xb1c ./src/MCAL/MGPIO/MGPIO_program.o
 .debug_loc     0x00002585       0x95 ./src/MCAL/MFMI/MFMI_program.o
 .debug_loc     0x0000261a      0x1d5 ./src/HAL/HWIFI/HWIFI_program.o
 .debug_loc     0x000027ef      0x17d ./src/APP/AHexParser/AHexParser_program.o
 .debug_loc     0x0000296c       0x2a ./src/main.o

.debug_macinfo
 *(.debug_macinfo)

.debug_weaknames
 *(.debug_weaknames)

.debug_funcnames
 *(.debug_funcnames)

.debug_typenames
 *(.debug_typenames)

.debug_varnames
 *(.debug_varnames)
OUTPUT(BootLoader_FOTA.elf elf32-littlearm)

.debug_ranges   0x00000000      0x620
 .debug_ranges  0x00000000       0xb0 ./system/src/stm32f4-hal/stm32f4xx_hal.o
 .debug_ranges  0x000000b0       0xe8 ./system/src/stm32f4-hal/stm32f4xx_hal_cortex.o
 .debug_ranges  0x00000198       0x78 ./system/src/stm32f4-hal/stm32f4xx_hal_rcc.o
 .debug_ranges  0x00000210       0x18 ./system/src/newlib/_exit.o
 .debug_ranges  0x00000228       0x10 ./system/src/newlib/_sbrk.o
 .debug_ranges  0x00000238       0x90 ./system/src/newlib/_startup.o
 .debug_ranges  0x000002c8       0x20 ./system/src/newlib/_syscalls.o
 .debug_ranges  0x000002e8       0x18 ./system/src/newlib/assert.o
 .debug_ranges  0x00000300       0x28 ./system/src/diag/Trace.o
 .debug_ranges  0x00000328       0x50 ./system/src/diag/trace_impl.o
 .debug_ranges  0x00000378       0x18 ./system/src/cortexm/_initialize_hardware.o
 .debug_ranges  0x00000390       0x80 ./system/src/cortexm/exception_handlers.o
 .debug_ranges  0x00000410       0x18 ./system/src/cmsis/system_stm32f4xx.o
 .debug_ranges  0x00000428       0x10 ./system/src/cmsis/vectors_stm32f401xc.o
 .debug_ranges  0x00000438       0x58 ./src/MCAL/MUART/MUART_program.o
 .debug_ranges  0x00000490       0x50 ./src/MCAL/MSYSTIKC/MSYSTICK_program.o
 .debug_ranges  0x000004e0       0x20 ./src/MCAL/MRCC/MRCC_program.o
 .debug_ranges  0x00000500       0x48 ./src/MCAL/MGPIO/MGPIO_program.o
 .debug_ranges  0x00000548       0x38 ./src/MCAL/MFMI/MFMI_program.o
 .debug_ranges  0x00000580       0x30 ./src/HAL/HWIFI/HWIFI_program.o
 .debug_ranges  0x000005b0       0x18 ./src/APP/AHexParser/AHexParser_program.o
 .debug_ranges  0x000005c8       0x18 ./src/_initialize_hardware.o
 .debug_ranges  0x000005e0       0x18 ./src/main.o
 .debug_ranges  0x000005f8       0x28 ./src/stm32f4xx_hal_msp.o

.debug_macro    0x00000000    0x1553d
 .debug_macro   0x00000000      0x532 ./system/src/stm32f4-hal/stm32f4xx_hal.o
 .debug_macro   0x00000532      0xa6c ./system/src/stm32f4-hal/stm32f4xx_hal.o
 .debug_macro   0x00000f9e      0x289 ./system/src/stm32f4-hal/stm32f4xx_hal.o
 .debug_macro   0x00001227       0x31 ./system/src/stm32f4-hal/stm32f4xx_hal.o
 .debug_macro   0x00001258       0x28 ./system/src/stm32f4-hal/stm32f4xx_hal.o
 .debug_macro   0x00001280      0x34e ./system/src/stm32f4-hal/stm32f4xx_hal.o
 .debug_macro   0x000015ce       0x35 ./system/src/stm32f4-hal/stm32f4xx_hal.o
 .debug_macro   0x00001603       0x50 ./system/src/stm32f4-hal/stm32f4xx_hal.o
 .debug_macro   0x00001653      0xe66 ./system/src/stm32f4-hal/stm32f4xx_hal.o
 .debug_macro   0x000024b9     0x5099 ./system/src/stm32f4-hal/stm32f4xx_hal.o
 .debug_macro   0x00007552       0x43 ./system/src/stm32f4-hal/stm32f4xx_hal.o
 .debug_macro   0x00007595     0x347f ./system/src/stm32f4-hal/stm32f4xx_hal.o
 .debug_macro   0x0000aa14       0x22 ./system/src/stm32f4-hal/stm32f4xx_hal.o
 .debug_macro   0x0000aa36       0x52 ./system/src/stm32f4-hal/stm32f4xx_hal.o
 .debug_macro   0x0000aa88       0x17 ./system/src/stm32f4-hal/stm32f4xx_hal.o
 .debug_macro   0x0000aa9f       0x8d ./system/src/stm32f4-hal/stm32f4xx_hal.o
 .debug_macro   0x0000ab2c       0x35 ./system/src/stm32f4-hal/stm32f4xx_hal.o
 .debug_macro   0x0000ab61       0x9c ./system/src/stm32f4-hal/stm32f4xx_hal.o
 .debug_macro   0x0000abfd       0x16 ./system/src/stm32f4-hal/stm32f4xx_hal.o
 .debug_macro   0x0000ac13       0x57 ./system/src/stm32f4-hal/stm32f4xx_hal.o
 .debug_macro   0x0000ac6a       0x97 ./system/src/stm32f4-hal/stm32f4xx_hal.o
 .debug_macro   0x0000ad01      0x330 ./system/src/stm32f4-hal/stm32f4xx_hal.o
 .debug_macro   0x0000b031       0xfd ./system/src/stm32f4-hal/stm32f4xx_hal.o
 .debug_macro   0x0000b12e       0x10 ./system/src/stm32f4-hal/stm32f4xx_hal.o
 .debug_macro   0x0000b13e       0x58 ./system/src/stm32f4-hal/stm32f4xx_hal.o
 .debug_macro   0x0000b196       0x1f ./system/src/stm32f4-hal/stm32f4xx_hal.o
 .debug_macro   0x0000b1b5       0x43 ./system/src/stm32f4-hal/stm32f4xx_hal.o
 .debug_macro   0x0000b1f8       0x20 ./system/src/stm32f4-hal/stm32f4xx_hal.o
 .debug_macro   0x0000b218      0x18e ./system/src/stm32f4-hal/stm32f4xx_hal.o
 .debug_macro   0x0000b3a6       0x10 ./system/src/stm32f4-hal/stm32f4xx_hal.o
 .debug_macro   0x0000b3b6       0x6a ./system/src/stm32f4-hal/stm32f4xx_hal.o
 .debug_macro   0x0000b420       0x1c ./system/src/stm32f4-hal/stm32f4xx_hal.o
 .debug_macro   0x0000b43c       0x52 ./system/src/stm32f4-hal/stm32f4xx_hal.o
 .debug_macro   0x0000b48e       0x40 ./system/src/stm32f4-hal/stm32f4xx_hal.o
 .debug_macro   0x0000b4ce       0x10 ./system/src/stm32f4-hal/stm32f4xx_hal.o
 .debug_macro   0x0000b4de       0x40 ./system/src/stm32f4-hal/stm32f4xx_hal.o
 .debug_macro   0x0000b51e       0xd7 ./system/src/stm32f4-hal/stm32f4xx_hal.o
 .debug_macro   0x0000b5f5       0x1c ./system/src/stm32f4-hal/stm32f4xx_hal.o
 .debug_macro   0x0000b611       0x3d ./system/src/stm32f4-hal/stm32f4xx_hal.o
 .debug_macro   0x0000b64e       0x16 ./system/src/stm32f4-hal/stm32f4xx_hal.o
 .debug_macro   0x0000b664      0x16f ./system/src/stm32f4-hal/stm32f4xx_hal.o
 .debug_macro   0x0000b7d3       0x57 ./system/src/stm32f4-hal/stm32f4xx_hal.o
 .debug_macro   0x0000b82a      0x424 ./system/src/stm32f4-hal/stm32f4xx_hal.o
 .debug_macro   0x0000bc4e      0x9e1 ./system/src/stm32f4-hal/stm32f4xx_hal.o
 .debug_macro   0x0000c62f      0x11e ./system/src/stm32f4-hal/stm32f4xx_hal.o
 .debug_macro   0x0000c74d       0xf8 ./system/src/stm32f4-hal/stm32f4xx_hal.o
 .debug_macro   0x0000c845       0x27 ./system/src/stm32f4-hal/stm32f4xx_hal.o
 .debug_macro   0x0000c86c      0x287 ./system/src/stm32f4-hal/stm32f4xx_hal.o
 .debug_macro   0x0000caf3       0x5f ./system/src/stm32f4-hal/stm32f4xx_hal.o
 .debug_macro   0x0000cb52      0x23a ./system/src/stm32f4-hal/stm32f4xx_hal.o
 .debug_macro   0x0000cd8c      0x391 ./system/src/stm32f4-hal/stm32f4xx_hal.o
 .debug_macro   0x0000d11d      0x16f ./system/src/stm32f4-hal/stm32f4xx_hal.o
 .debug_macro   0x0000d28c       0xf9 ./system/src/stm32f4-hal/stm32f4xx_hal.o
 .debug_macro   0x0000d385       0x23 ./system/src/stm32f4-hal/stm32f4xx_hal.o
 .debug_macro   0x0000d3a8      0x13a ./system/src/stm32f4-hal/stm32f4xx_hal.o
 .debug_macro   0x0000d4e2      0x23a ./system/src/stm32f4-hal/stm32f4xx_hal.o
 .debug_macro   0x0000d71c       0x2e ./system/src/stm32f4-hal/stm32f4xx_hal.o
 .debug_macro   0x0000d74a      0x1a7 ./system/src/stm32f4-hal/stm32f4xx_hal.o
 .debug_macro   0x0000d8f1       0x22 ./system/src/stm32f4-hal/stm32f4xx_hal.o
 .debug_macro   0x0000d913       0xa5 ./system/src/stm32f4-hal/stm32f4xx_hal.o
 .debug_macro   0x0000d9b8      0x18b ./system/src/stm32f4-hal/stm32f4xx_hal.o
 .debug_macro   0x0000db43       0x24 ./system/src/stm32f4-hal/stm32f4xx_hal.o
 .debug_macro   0x0000db67       0x35 ./system/src/stm32f4-hal/stm32f4xx_hal.o
 .debug_macro   0x0000db9c       0x79 ./system/src/stm32f4-hal/stm32f4xx_hal.o
 .debug_macro   0x0000dc15      0x11e ./system/src/stm32f4-hal/stm32f4xx_hal.o
 .debug_macro   0x0000dd33       0x85 ./system/src/stm32f4-hal/stm32f4xx_hal.o
 .debug_macro   0x0000ddb8       0x89 ./system/src/stm32f4-hal/stm32f4xx_hal.o
 .debug_macro   0x0000de41      0x31a ./system/src/stm32f4-hal/stm32f4xx_hal.o
 .debug_macro   0x0000e15b      0x409 ./system/src/stm32f4-hal/stm32f4xx_hal.o
 .debug_macro   0x0000e564       0xe4 ./system/src/stm32f4-hal/stm32f4xx_hal.o
 .debug_macro   0x0000e648      0x48d ./system/src/stm32f4-hal/stm32f4xx_hal.o
 .debug_macro   0x0000ead5      0x22b ./system/src/stm32f4-hal/stm32f4xx_hal.o
 .debug_macro   0x0000ed00      0x202 ./system/src/stm32f4-hal/stm32f4xx_hal.o
 .debug_macro   0x0000ef02      0x6d9 ./system/src/stm32f4-hal/stm32f4xx_hal.o
 .debug_macro   0x0000f5db       0x5b ./system/src/stm32f4-hal/stm32f4xx_hal.o
 .debug_macro   0x0000f636      0x14d ./system/src/stm32f4-hal/stm32f4xx_hal.o
 .debug_macro   0x0000f783      0x287 ./system/src/stm32f4-hal/stm32f4xx_hal.o
 .debug_macro   0x0000fa0a      0x225 ./system/src/stm32f4-hal/stm32f4xx_hal.o
 .debug_macro   0x0000fc2f      0x1b5 ./system/src/stm32f4-hal/stm32f4xx_hal.o
 .debug_macro   0x0000fde4      0x2db ./system/src/stm32f4-hal/stm32f4xx_hal.o
 .debug_macro   0x000100bf       0x89 ./system/src/stm32f4-hal/stm32f4xx_hal.o
 .debug_macro   0x00010148      0x1df ./system/src/stm32f4-hal/stm32f4xx_hal.o
 .debug_macro   0x00010327      0x115 ./system/src/stm32f4-hal/stm32f4xx_hal.o
 .debug_macro   0x0001043c       0x6e ./system/src/stm32f4-hal/stm32f4xx_hal.o
 .debug_macro   0x000104aa      0x11e ./system/src/stm32f4-hal/stm32f4xx_hal.o
 .debug_macro   0x000105c8      0x4e4 ./system/src/stm32f4-hal/stm32f4xx_hal_cortex.o
 .debug_macro   0x00010aac      0x50e ./system/src/stm32f4-hal/stm32f4xx_hal_rcc.o
 .debug_macro   0x00010fba      0x1b4 ./system/src/newlib/_exit.o
 .debug_macro   0x0001116e      0x10e ./system/src/newlib/_exit.o
 .debug_macro   0x0001127c       0x8d ./system/src/newlib/_exit.o
 .debug_macro   0x00011309       0x35 ./system/src/newlib/_exit.o
 .debug_macro   0x0001133e      0x169 ./system/src/newlib/_sbrk.o
 .debug_macro   0x000114a7      0x174 ./system/src/newlib/_sbrk.o
 .debug_macro   0x0001161b       0x10 ./system/src/newlib/_sbrk.o
 .debug_macro   0x0001162b      0x23b ./system/src/newlib/_sbrk.o
 .debug_macro   0x00011866      0x173 ./system/src/newlib/_startup.o
 .debug_macro   0x000119d9      0xa72 ./system/src/newlib/_startup.o
 .debug_macro   0x0001244b      0x217 ./system/src/newlib/_syscalls.o
 .debug_macro   0x00012662       0x1c ./system/src/newlib/_syscalls.o
 .debug_macro   0x0001267e       0x10 ./system/src/newlib/_syscalls.o
 .debug_macro   0x0001268e       0x10 ./system/src/newlib/_syscalls.o
 .debug_macro   0x0001269e       0x10 ./system/src/newlib/_syscalls.o
 .debug_macro   0x000126ae       0x35 ./system/src/newlib/_syscalls.o
 .debug_macro   0x000126e3      0x122 ./system/src/newlib/_syscalls.o
 .debug_macro   0x00012805       0x88 ./system/src/newlib/_syscalls.o
 .debug_macro   0x0001288d       0x2b ./system/src/newlib/_syscalls.o
 .debug_macro   0x000128b8      0x118 ./system/src/newlib/_syscalls.o
 .debug_macro   0x000129d0      0x189 ./system/src/newlib/_syscalls.o
 .debug_macro   0x00012b59       0x16 ./system/src/newlib/_syscalls.o
 .debug_macro   0x00012b6f      0x1d0 ./system/src/newlib/assert.o
 .debug_macro   0x00012d3f       0x1c ./system/src/newlib/assert.o
 .debug_macro   0x00012d5b      0x1fb ./system/src/diag/Trace.o
 .debug_macro   0x00012f56       0x4c ./system/src/diag/Trace.o
 .debug_macro   0x00012fa2       0x16 ./system/src/diag/Trace.o
 .debug_macro   0x00012fb8      0x52a ./system/src/diag/trace_impl.o
 .debug_macro   0x000134e2       0x22 ./system/src/diag/trace_impl.o
 .debug_macro   0x00013504      0x4ee ./system/src/cortexm/_initialize_hardware.o
 .debug_macro   0x000139f2      0x557 ./system/src/cortexm/exception_handlers.o
 .debug_macro   0x00013f49       0x3b ./system/src/cortexm/exception_handlers.o
 .debug_macro   0x00013f84      0x4ea ./system/src/cmsis/system_stm32f4xx.o
 .debug_macro   0x0001446e       0x34 ./system/src/cmsis/vectors_stm32f401xc.o
 .debug_macro   0x000144a2       0x3f ./src/MCAL/MUART/MUART_program.o
 .debug_macro   0x000144e1       0x22 ./src/MCAL/MUART/MUART_program.o
 .debug_macro   0x00014503       0x28 ./src/MCAL/MUART/MUART_program.o
 .debug_macro   0x0001452b       0x1c ./src/MCAL/MUART/MUART_program.o
 .debug_macro   0x00014547       0x1c ./src/MCAL/MUART/MUART_program.o
 .debug_macro   0x00014563       0x3f ./src/MCAL/MSYSTIKC/MSYSTICK_program.o
 .debug_macro   0x000145a2       0x2e ./src/MCAL/MSYSTIKC/MSYSTICK_program.o
 .debug_macro   0x000145d0       0x16 ./src/MCAL/MSYSTIKC/MSYSTICK_program.o
 .debug_macro   0x000145e6       0x34 ./src/MCAL/MSYSTIKC/MSYSTICK_program.o
 .debug_macro   0x0001461a       0x3f ./src/MCAL/MRCC/MRCC_program.o
 .debug_macro   0x00014659       0x8e ./src/MCAL/MRCC/MRCC_program.o
 .debug_macro   0x000146e7       0x58 ./src/MCAL/MRCC/MRCC_program.o
 .debug_macro   0x0001473f       0xf4 ./src/MCAL/MRCC/MRCC_program.o
 .debug_macro   0x00014833       0x40 ./src/MCAL/MGPIO/MGPIO_program.o
 .debug_macro   0x00014873       0x2e ./src/MCAL/MGPIO/MGPIO_program.o
 .debug_macro   0x000148a1      0x15a ./src/MCAL/MGPIO/MGPIO_program.o
 .debug_macro   0x000149fb       0x41 ./src/MCAL/MFMI/MFMI_program.o
 .debug_macro   0x00014a3c       0x22 ./src/MCAL/MFMI/MFMI_program.o
 .debug_macro   0x00014a5e       0x22 ./src/MCAL/MFMI/MFMI_program.o
 .debug_macro   0x00014a80       0x4b ./src/HAL/HWIFI/HWIFI_program.o
 .debug_macro   0x00014acb       0x3e ./src/APP/AHexParser/AHexParser_program.o
 .debug_macro   0x00014b09      0x4e4 ./src/_initialize_hardware.o
 .debug_macro   0x00014fed       0x6c ./src/main.o
 .debug_macro   0x00015059      0x4e4 ./src/stm32f4xx_hal_msp.o
